Archive member included to satisfy reference by file (symbol)

C:/Program Files/SEGGER/SEGGER Embedded Studio for ARM 6.22a/lib/libc_v7em_fpv4_sp_d16_hard_t_le_eabi_balanced.a(strasmops_arm.o)
                              Output/Debug/Obj/TestTask/nrf_fprintf_format.o (strlen)
C:/Program Files/SEGGER/SEGGER Embedded Studio for ARM 6.22a/lib/libc_v7em_fpv4_sp_d16_hard_t_le_eabi_balanced.a(__SEGGER_RTL_vfprintf_long.o)
                              (__SEGGER_RTL_vfprintf_long)
C:/Program Files/SEGGER/SEGGER Embedded Studio for ARM 6.22a/lib/libc_v7em_fpv4_sp_d16_hard_t_le_eabi_balanced.a(__SEGGER_RTL_vfscanf_long.o)
                              (__SEGGER_RTL_vfscanf_long)
C:/Program Files/SEGGER/SEGGER Embedded Studio for ARM 6.22a/lib/libc_v7em_fpv4_sp_d16_hard_t_le_eabi_balanced.a(intasmops_arm.o)
                              C:/Program Files/SEGGER/SEGGER Embedded Studio for ARM 6.22a/lib/libc_v7em_fpv4_sp_d16_hard_t_le_eabi_balanced.a(__SEGGER_RTL_vfprintf_long.o) (__aeabi_uldivmod)
C:/Program Files/SEGGER/SEGGER Embedded Studio for ARM 6.22a/lib/libc_v7em_fpv4_sp_d16_hard_t_le_eabi_balanced.a(mbops.o)
                              C:/Program Files/SEGGER/SEGGER Embedded Studio for ARM 6.22a/lib/libc_v7em_fpv4_sp_d16_hard_t_le_eabi_balanced.a(__SEGGER_RTL_vfscanf_long.o) (isdigit)
C:/Program Files/SEGGER/SEGGER Embedded Studio for ARM 6.22a/lib/libc_v7em_fpv4_sp_d16_hard_t_le_eabi_balanced.a(sortops.o)
                              C:/Program Files/SEGGER/SEGGER Embedded Studio for ARM 6.22a/lib/libc_v7em_fpv4_sp_d16_hard_t_le_eabi_balanced.a(mbops.o) (bsearch)
C:/Program Files/SEGGER/SEGGER Embedded Studio for ARM 6.22a/lib/libc_v7em_fpv4_sp_d16_hard_t_le_eabi_balanced.a(strops.o)
                              C:/Program Files/SEGGER/SEGGER Embedded Studio for ARM 6.22a/lib/libc_v7em_fpv4_sp_d16_hard_t_le_eabi_balanced.a(mbops.o) (strcat)
C:/Program Files/SEGGER/SEGGER Embedded Studio for ARM 6.22a/lib/libc_v7em_fpv4_sp_d16_hard_t_le_eabi_balanced.a(timeops.o)
                              C:/Program Files/SEGGER/SEGGER Embedded Studio for ARM 6.22a/lib/libc_v7em_fpv4_sp_d16_hard_t_le_eabi_balanced.a(mbops.o) (__SEGGER_RTL_string_list_encode)
C:/Program Files/SEGGER/SEGGER Embedded Studio for ARM 6.22a/lib/libc_v7em_fpv4_sp_d16_hard_t_le_eabi_balanced.a(utilops.o)
                              C:/Program Files/SEGGER/SEGGER Embedded Studio for ARM 6.22a/lib/libc_v7em_fpv4_sp_d16_hard_t_le_eabi_balanced.a(__SEGGER_RTL_vfscanf_long.o) (__SEGGER_RTL_digit)
C:/Program Files/SEGGER/SEGGER Embedded Studio for ARM 6.22a/lib/libc_v7em_fpv4_sp_d16_hard_t_le_eabi_balanced.a(prinops.o)
                              C:/Program Files/SEGGER/SEGGER Embedded Studio for ARM 6.22a/lib/libc_v7em_fpv4_sp_d16_hard_t_le_eabi_balanced.a(__SEGGER_RTL_vfprintf_long.o) (__SEGGER_RTL_putc)
C:/Program Files/SEGGER/SEGGER Embedded Studio for ARM 6.22a/lib/libc_v7em_fpv4_sp_d16_hard_t_le_eabi_balanced.a(errno.o)
                              C:/Program Files/SEGGER/SEGGER Embedded Studio for ARM 6.22a/lib/libc_v7em_fpv4_sp_d16_hard_t_le_eabi_balanced.a(mbops.o) (__aeabi_errno_addr)
C:/Program Files/SEGGER/SEGGER Embedded Studio for ARM 6.22a/lib/libc_v7em_fpv4_sp_d16_hard_t_le_eabi_balanced.a(errno_arm.o)
                              C:/Program Files/SEGGER/SEGGER Embedded Studio for ARM 6.22a/lib/libc_v7em_fpv4_sp_d16_hard_t_le_eabi_balanced.a(strops.o) (__aeabi_EDOM)
C:/Program Files/SEGGER/SEGGER Embedded Studio for ARM 6.22a/lib/libc_v7em_fpv4_sp_d16_hard_t_le_eabi_balanced.a(fileops.o)
                              C:/Program Files/SEGGER/SEGGER Embedded Studio for ARM 6.22a/lib/libc_v7em_fpv4_sp_d16_hard_t_le_eabi_balanced.a(prinops.o) (fwrite)
C:/Program Files/SEGGER/SEGGER Embedded Studio for ARM 6.22a/lib/libc_v7em_fpv4_sp_d16_hard_t_le_eabi_balanced.a(floatasmops_arm.o)
                              C:/Program Files/SEGGER/SEGGER Embedded Studio for ARM 6.22a/lib/libc_v7em_fpv4_sp_d16_hard_t_le_eabi_balanced.a(utilops.o) (__aeabi_dmul)
C:/Program Files/SEGGER/SEGGER Embedded Studio for ARM 6.22a/lib/libc_v7em_fpv4_sp_d16_hard_t_le_eabi_balanced.a(heapops.o)
                              C:/Program Files/SEGGER/SEGGER Embedded Studio for ARM 6.22a/lib/libc_v7em_fpv4_sp_d16_hard_t_le_eabi_balanced.a(mbops.o) (malloc)
C:/Program Files/SEGGER/SEGGER Embedded Studio for ARM 6.22a/lib/libc_v7em_fpv4_sp_d16_hard_t_le_eabi_balanced.a(intops.o)
                              C:/Program Files/SEGGER/SEGGER Embedded Studio for ARM 6.22a/lib/libc_v7em_fpv4_sp_d16_hard_t_le_eabi_balanced.a(timeops.o) (div)
C:/Program Files/SEGGER/SEGGER Embedded Studio for ARM 6.22a/lib/heapops_basic_v7em_little.a(heapops_basic.o)
                              C:/Program Files/SEGGER/SEGGER Embedded Studio for ARM 6.22a/lib/libc_v7em_fpv4_sp_d16_hard_t_le_eabi_balanced.a(heapops.o) (__SEGGER_RTL_alloc)

Discarded input sections

 .text          0x0000000000000000        0x0 Output/Debug/Obj/TestTask/thumb_crt0.o
[...]
Memory Configuration

Name             Origin             Length             Attributes
UNPLACED_SECTIONS 0x0000000100000000 0x0000000000000000 xw
RAM1             0x0000000020000000 0x0000000000040000 xw
FLASH1           0x0000000000000000 0x0000000000100000 xw
*default*        0x0000000000000000 0xffffffffffffffff

Linker script and memory map

                0x0000000000000000                __SEGGER_RTL_vfprintf = __SEGGER_RTL_vfprintf_long
                0x0000000000000000                __SEGGER_RTL_vfscanf = __SEGGER_RTL_vfscanf_long
                0x0000000020000000                __RAM1_segment_start__ = 0x20000000
                0x0000000020040000                __RAM1_segment_end__ = 0x20040000
                0x0000000000040000                __RAM1_segment_size__ = 0x40000
                0x0000000000000000                __FLASH1_segment_start__ = 0x0
                0x0000000000100000                __FLASH1_segment_end__ = 0x100000
                0x0000000000100000                __FLASH1_segment_size__ = 0x100000
                0x0000000000002000                __HEAPSIZE__ = 0x2000
                0x0000000000000000                __STACKSIZE_PROCESS__ = 0x0
                0x0000000000002000                __STACKSIZE__ = 0x2000
                0x0000000020000000                __vectors_ram_load_start__ = 0x20000000

.vectors_ram    0x0000000020000000        0x0
                0x0000000020000000                __vectors_ram_start__ = .
                0x0000000020000000                __app_ram_start__ = __vectors_ram_start__
 *(.vectors_ram .vectors_ram.*)
                0x0000000020000000                __vectors_ram_end__ = (__vectors_ram_start__ + SIZEOF (.vectors_ram))
                0x0000000000000000                __vectors_ram_size__ = SIZEOF (.vectors_ram)
                0x0000000020000000                __vectors_ram_load_end__ = __vectors_ram_end__
                0x0000000000000001                . = ASSERT (((__vectors_ram_start__ == __vectors_ram_end__) || ((__vectors_ram_end__ - __RAM1_segment_start__) <= __RAM1_segment_size__)), error: .vectors_ram is too large to fit in RAM1 memory segment)
                0x0000000020000000                __nrf_sections_run_load_start__ = ALIGN (__vectors_ram_end__, 0x4)

.nrf_sections_run
                0x0000000020000000        0x0
                0x0000000020000000                __nrf_sections_run_start__ = .
                0x0000000020000000                __start_nrf_sections_run = __nrf_sections_run_start__
 *(.nrf_sections_run .nrf_sections_run.*)
                0x0000000020000000                __nrf_sections_run_end__ = (__nrf_sections_run_start__ + SIZEOF (.nrf_sections_run))
                0x0000000000000000                __nrf_sections_run_size__ = SIZEOF (.nrf_sections_run)
                0x0000000020000000                __nrf_sections_run_load_end__ = __nrf_sections_run_end__
                0x0000000000000001                . = ASSERT (((__nrf_sections_run_start__ == __nrf_sections_run_end__) || ((__nrf_sections_run_end__ - __RAM1_segment_start__) <= __RAM1_segment_size__)), error: .nrf_sections_run is too large to fit in RAM1 memory segment)
                0x0000000000000000                __vectors_load_start__ = 0x0

.vectors        0x0000000000000000      0x200
                0x0000000000000000                __vectors_start__ = .
 *(.vectors .vectors.*)
 .vectors       0x0000000000000000      0x200 Output/Debug/Obj/TestTask/ses_startup_nrf52840.o
                0x0000000000000000                _vectors
                0x0000000000000200                __vectors_end__ = (__vectors_start__ + SIZEOF (.vectors))
                0x0000000000000200                __vectors_size__ = SIZEOF (.vectors)
                0x0000000000000200                __vectors_load_end__ = __vectors_end__
                0x0000000000000001                . = ASSERT (((__vectors_start__ == __vectors_end__) || ((__vectors_end__ - __FLASH1_segment_start__) <= __FLASH1_segment_size__)), error: .vectors is too large to fit in FLASH1 memory segment)
                0x0000000000000200                __init_load_start__ = ALIGN (__vectors_end__, 0x4)

.init           0x0000000000000200      0x1cc
                0x0000000000000200                __init_start__ = .
 *(.init .init.*)
 .init          0x0000000000000200      0x158 Output/Debug/Obj/TestTask/thumb_crt0.o
                0x0000000000000200                _start
                0x00000000000002ae                exit
 .init          0x0000000000000358       0x18 Output/Debug/Obj/TestTask/ses_startup_nrf52840.o
                0x0000000000000358                NMI_Handler
                0x000000000000035a                HardFault_Handler
                0x000000000000035c                MemoryManagement_Handler
                0x000000000000035e                BusFault_Handler
                0x0000000000000360                UsageFault_Handler
                0x0000000000000362                SVC_Handler
                0x0000000000000364                DebugMon_Handler
                0x0000000000000366                PendSV_Handler
                0x0000000000000368                SysTick_Handler
                0x000000000000036a                PWM1_IRQHandler
                0x000000000000036a                GPIOTE_IRQHandler
                0x000000000000036a                RTC0_IRQHandler
                0x000000000000036a                POWER_CLOCK_IRQHandler
                0x000000000000036a                RADIO_IRQHandler
                0x000000000000036a                PDM_IRQHandler
                0x000000000000036a                TEMP_IRQHandler
                0x000000000000036a                QDEC_IRQHandler
                0x000000000000036a                TIMER3_IRQHandler
                0x000000000000036a                PWM3_IRQHandler
                0x000000000000036a                FPU_IRQHandler
                0x000000000000036a                USBD_IRQHandler
                0x000000000000036a                SPIM0_SPIS0_TWIM0_TWIS0_SPI0_TWI0_IRQHandler
                0x000000000000036a                QSPI_IRQHandler
                0x000000000000036a                UARTE0_UART0_IRQHandler
                0x000000000000036a                TIMER4_IRQHandler
                0x000000000000036a                SWI2_EGU2_IRQHandler
                0x000000000000036a                I2S_IRQHandler
                0x000000000000036a                SWI4_EGU4_IRQHandler
                0x000000000000036a                TIMER0_IRQHandler
                0x000000000000036a                UARTE1_IRQHandler
                0x000000000000036a                Dummy_Handler
                0x000000000000036a                TIMER1_IRQHandler
                0x000000000000036a                SPIM3_IRQHandler
                0x000000000000036a                PWM2_IRQHandler
                0x000000000000036a                ECB_IRQHandler
                0x000000000000036a                SPIM1_SPIS1_TWIM1_TWIS1_SPI1_TWI1_IRQHandler
                0x000000000000036a                SAADC_IRQHandler
                0x000000000000036a                CCM_AAR_IRQHandler
                0x000000000000036a                WDT_IRQHandler
                0x000000000000036a                SWI0_EGU0_IRQHandler
                0x000000000000036a                SWI5_EGU5_IRQHandler
                0x000000000000036a                RNG_IRQHandler
                0x000000000000036a                RTC2_IRQHandler
                0x000000000000036a                PWM0_IRQHandler
                0x000000000000036a                SWI3_EGU3_IRQHandler
                0x000000000000036a                RTC1_IRQHandler
                0x000000000000036a                SWI1_EGU1_IRQHandler
                0x000000000000036a                SPIM2_SPIS2_SPI2_IRQHandler
                0x000000000000036a                NFCT_IRQHandler
                0x000000000000036a                CRYPTOCELL_IRQHandler
                0x000000000000036a                MWU_IRQHandler
                0x000000000000036a                TIMER2_IRQHandler
                0x000000000000036a                COMP_LPCOMP_IRQHandler
                0x000000000000036c                nRFInitialize
 .init          0x0000000000000370       0x5c Output/Debug/Obj/TestTask/ses_startup_nrf_common.o
                0x0000000000000370                Reset_Handler
                0x0000000000000374                afterInitialize
                0x0000000000000398                InitializeUserMemorySections
                0x00000000000003cc                __init_end__ = (__init_start__ + SIZEOF (.init))
                0x00000000000001cc                __init_size__ = SIZEOF (.init)
                0x00000000000003cc                __init_load_end__ = __init_end__
                0x0000000000000001                . = ASSERT (((__init_start__ == __init_end__) || ((__init_end__ - __FLASH1_segment_start__) <= __FLASH1_segment_size__)), error: .init is too large to fit in FLASH1 memory segment)
                0x00000000000003cc                __init_rodata_load_start__ = ALIGN (__init_end__, 0x4)

.init_rodata    0x00000000000003cc        0x0
                0x00000000000003cc                __init_rodata_start__ = .
 *(.init_rodata .init_rodata.*)
                0x00000000000003cc                __init_rodata_end__ = (__init_rodata_start__ + SIZEOF (.init_rodata))
                0x0000000000000000                __init_rodata_size__ = SIZEOF (.init_rodata)
                0x00000000000003cc                __init_rodata_load_end__ = __init_rodata_end__
                0x0000000000000001                . = ASSERT (((__init_rodata_start__ == __init_rodata_end__) || ((__init_rodata_end__ - __FLASH1_segment_start__) <= __FLASH1_segment_size__)), error: .init_rodata is too large to fit in FLASH1 memory segment)
                0x00000000000003cc                __text_load_start__ = ALIGN (__init_rodata_end__, 0x4)

.text           0x00000000000003cc      0xae0
                0x00000000000003cc                __text_start__ = .
 *(.text .text.* .gnu.linkonce.t.* .glue_7t .glue_7 .gcc_except_table .ARM.extab* .gnu.linkonce.armextab.*)
 .glue_7        0x00000000000003cc        0x0 linker stubs
 .glue_7t       0x00000000000003cc        0x0 linker stubs
 .text.nrf_gpio_pin_port_decode
                0x00000000000003cc       0x4c Output/Debug/Obj/TestTask/boards.o
 .text.nrf_gpio_cfg
                0x0000000000000418       0x62 Output/Debug/Obj/TestTask/boards.o
 .text.nrf_gpio_cfg_output
                0x000000000000047a       0x22 Output/Debug/Obj/TestTask/boards.o
 .text.nrf_gpio_cfg_input
                0x000000000000049c       0x2a Output/Debug/Obj/TestTask/boards.o
 .text.nrf_gpio_pin_set
                0x00000000000004c6       0x28 Output/Debug/Obj/TestTask/boards.o
 .text.nrf_gpio_pin_clear
                0x00000000000004ee       0x28 Output/Debug/Obj/TestTask/boards.o
 .text.nrf_gpio_pin_toggle
                0x0000000000000516       0x44 Output/Debug/Obj/TestTask/boards.o
 .text.nrf_gpio_pin_write
                0x000000000000055a       0x24 Output/Debug/Obj/TestTask/boards.o
 .text.nrf_gpio_port_out_set
                0x000000000000057e       0x14 Output/Debug/Obj/TestTask/boards.o
 .text.nrf_gpio_port_out_clear
                0x0000000000000592       0x14 Output/Debug/Obj/TestTask/boards.o
 .text.nrf_gpio_pin_present_check
                0x00000000000005a6       0x50 Output/Debug/Obj/TestTask/boards.o
 *fill*         0x00000000000005f6        0x2 
 .text.bsp_board_led_off
                0x00000000000005f8       0x34 Output/Debug/Obj/TestTask/boards.o
                0x00000000000005f8                bsp_board_led_off
 .text.bsp_board_leds_off
                0x000000000000062c       0x26 Output/Debug/Obj/TestTask/boards.o
                0x000000000000062c                bsp_board_leds_off
 *fill*         0x0000000000000652        0x2 
 .text.bsp_board_led_invert
                0x0000000000000654       0x34 Output/Debug/Obj/TestTask/boards.o
                0x0000000000000654                bsp_board_led_invert
 .text.bsp_board_leds_init
                0x0000000000000688       0x34 Output/Debug/Obj/TestTask/boards.o
 .text.bsp_board_buttons_init
                0x00000000000006bc       0x34 Output/Debug/Obj/TestTask/boards.o
 .text.bsp_board_init
                0x00000000000006f0       0x2a Output/Debug/Obj/TestTask/boards.o
                0x00000000000006f0                bsp_board_init
 *fill*         0x000000000000071a        0x2 
 .text.app_error_save_and_stop
                0x000000000000071c       0x98 Output/Debug/Obj/TestTask/app_error.o
                0x000000000000071c                app_error_save_and_stop
 .text.app_error_fault_handler
                0x00000000000007b4       0x54 Output/Debug/Obj/TestTask/app_error_weak.o
                0x00000000000007b4                app_error_fault_handler
 .text.assert_nrf_callback
                0x0000000000000808       0x2c Output/Debug/Obj/TestTask/nrf_assert.o
                0x0000000000000808                assert_nrf_callback
 .text.nrfx_coredep_delay_us
                0x0000000000000834       0x30 Output/Debug/Obj/TestTask/main.o
 .text.nrf_delay_ms
                0x0000000000000864       0x2a Output/Debug/Obj/TestTask/main.o
 .text.main     0x000000000000088e       0x2c Output/Debug/Obj/TestTask/main.o
                0x000000000000088e                main
 *fill*         0x00000000000008ba        0x2 
 .text.__NVIC_SystemReset
                0x00000000000008bc       0x28 Output/Debug/Obj/TestTask/system_nrf52840.o
 .text.nrf52_errata_36
                0x00000000000008e4       0x64 Output/Debug/Obj/TestTask/system_nrf52840.o
 .text.nrf52_errata_66
                0x0000000000000948       0x64 Output/Debug/Obj/TestTask/system_nrf52840.o
 .text.nrf52_errata_98
                0x00000000000009ac       0x64 Output/Debug/Obj/TestTask/system_nrf52840.o
 .text.nrf52_errata_103
                0x0000000000000a10       0x64 Output/Debug/Obj/TestTask/system_nrf52840.o
 .text.nrf52_errata_115
                0x0000000000000a74       0x64 Output/Debug/Obj/TestTask/system_nrf52840.o
 .text.nrf52_errata_120
                0x0000000000000ad8       0x64 Output/Debug/Obj/TestTask/system_nrf52840.o
 .text.nrf52_errata_136
                0x0000000000000b3c       0x64 Output/Debug/Obj/TestTask/system_nrf52840.o
 .text.nrf52_errata_249
                0x0000000000000ba0       0x64 Output/Debug/Obj/TestTask/system_nrf52840.o
 .text.nrf52_handle_approtect
                0x0000000000000c04       0x20 Output/Debug/Obj/TestTask/system_nrf52840.o
 .text.nvmc_wait
                0x0000000000000c24       0x18 Output/Debug/Obj/TestTask/system_nrf52840.o
                0x0000000000000c24                nvmc_wait
 .text.nvmc_config
                0x0000000000000c3c       0x20 Output/Debug/Obj/TestTask/system_nrf52840.o
                0x0000000000000c3c                nvmc_config
 .text.SystemCoreClockUpdate
                0x0000000000000c5c       0x14 Output/Debug/Obj/TestTask/system_nrf52840.o
                0x0000000000000c5c                SystemCoreClockUpdate
 .text.SystemInit
                0x0000000000000c70      0x228 Output/Debug/Obj/TestTask/system_nrf52840.o
                0x0000000000000c70                SystemInit
 .text.__SEGGER_RTL_init_heap
                0x0000000000000e98       0x14 C:/Program Files/SEGGER/SEGGER Embedded Studio for ARM 6.22a/lib/heapops_basic_v7em_little.a(heapops_basic.o)
                0x0000000000000e98                __SEGGER_RTL_init_heap
                0x0000000000000eac                . = ALIGN (MAX ((__text_start__ + 0x4), .), 0x4)
                0x0000000000000eac                __text_end__ = (__text_start__ + SIZEOF (.text))
                0x0000000000000ae0                __text_size__ = SIZEOF (.text)
                0x0000000000000eac                __text_load_end__ = __text_end__

.vfp11_veneer   0x0000000100000000        0x0
 .vfp11_veneer  0x0000000100000000        0x0 linker stubs

.v4_bx          0x0000000100000000        0x0
 .v4_bx         0x0000000100000000        0x0 linker stubs

.iplt           0x0000000100000000        0x0
 .iplt          0x0000000100000000        0x0 Output/Debug/Obj/TestTask/thumb_crt0.o
                0x0000000000000001                . = ASSERT (((__text_start__ == __text_end__) || ((__text_end__ - __FLASH1_segment_start__) <= __FLASH1_segment_size__)), error: .text is too large to fit in FLASH1 memory segment)
                0x0000000000000eac                __log_const_data_load_start__ = ALIGN (__text_end__, 0x4)

.log_const_data
                0x0000000000000eac        0x0
                0x0000000000000eac                __log_const_data_start__ = .
                0x0000000000000eac                __start_log_const_data = __log_const_data_start__
 *(SORT_BY_NAME(.log_const_data*))
                0x0000000000000eac                __log_const_data_end__ = (__log_const_data_start__ + SIZEOF (.log_const_data))
                0x0000000000000000                __log_const_data_size__ = SIZEOF (.log_const_data)
                0x0000000000000eac                __stop_log_const_data = __log_const_data_end__
                0x0000000000000eac                __log_const_data_load_end__ = __log_const_data_end__
                0x0000000000000001                . = ASSERT (((__log_const_data_start__ == __log_const_data_end__) || ((__log_const_data_end__ - __FLASH1_segment_start__) <= __FLASH1_segment_size__)), error: .log_const_data is too large to fit in FLASH1 memory segment)
                0x0000000000000eac                __log_backends_load_start__ = ALIGN (__log_const_data_end__, 0x4)

.log_backends   0x0000000000000eac        0x0
                0x0000000000000eac                __log_backends_start__ = .
                0x0000000000000eac                __start_log_backends = __log_backends_start__
 *(SORT_BY_NAME(.log_backends*))
                0x0000000000000eac                __log_backends_end__ = (__log_backends_start__ + SIZEOF (.log_backends))
                0x0000000000000000                __log_backends_size__ = SIZEOF (.log_backends)
                0x0000000000000eac                __stop_log_backends = __log_backends_end__
                0x0000000000000eac                __log_backends_load_end__ = __log_backends_end__
                0x0000000000000001                . = ASSERT (((__log_backends_start__ == __log_backends_end__) || ((__log_backends_end__ - __FLASH1_segment_start__) <= __FLASH1_segment_size__)), error: .log_backends is too large to fit in FLASH1 memory segment)
                0x0000000000000eac                __nrf_balloc_load_start__ = ALIGN (__log_backends_end__, 0x4)

.nrf_balloc     0x0000000000000eac        0x0
                0x0000000000000eac                __nrf_balloc_start__ = .
                0x0000000000000eac                __start_nrf_balloc = __nrf_balloc_start__
 *(.nrf_balloc*)
                0x0000000000000eac                __nrf_balloc_end__ = (__nrf_balloc_start__ + SIZEOF (.nrf_balloc))
                0x0000000000000000                __nrf_balloc_size__ = SIZEOF (.nrf_balloc)
                0x0000000000000eac                __stop_nrf_balloc = __nrf_balloc_end__
                0x0000000000000eac                __nrf_balloc_load_end__ = __nrf_balloc_end__
                0x0000000000000001                . = ASSERT (((__nrf_balloc_start__ == __nrf_balloc_end__) || ((__nrf_balloc_end__ - __FLASH1_segment_start__) <= __FLASH1_segment_size__)), error: .nrf_balloc is too large to fit in FLASH1 memory segment)
                0x0000000000000eac                __nrf_sections_load_start__ = ALIGN (__nrf_balloc_end__, 0x4)

.nrf_sections   0x0000000000000eac        0x0
                0x0000000000000eac                __nrf_sections_start__ = .
                0x0000000000000eac                __start_nrf_sections = __nrf_sections_start__
 *(.nrf_sections .nrf_sections.*)
                0x0000000000000eac                __nrf_sections_end__ = (__nrf_sections_start__ + SIZEOF (.nrf_sections))
                0x0000000000000000                __nrf_sections_size__ = SIZEOF (.nrf_sections)
                0x0000000000000eac                __nrf_sections_load_end__ = __nrf_sections_end__
                0x0000000000000001                . = ASSERT (((__nrf_sections_start__ == __nrf_sections_end__) || ((__nrf_sections_end__ - __FLASH1_segment_start__) <= __FLASH1_segment_size__)), error: .nrf_sections is too large to fit in FLASH1 memory segment)
                0x0000000000000eac                __log_dynamic_data_load_start__ = ALIGN (__nrf_sections_end__, 0x4)

.log_dynamic_data
                0x0000000020000000        0x0 load address 0x0000000000000eac
                0x0000000020000000                __log_dynamic_data_start__ = .
 *(SORT_BY_NAME(.log_dynamic_data*))
                0x0000000020000000                __log_dynamic_data_end__ = (__log_dynamic_data_start__ + SIZEOF (.log_dynamic_data))
                0x0000000000000000                __log_dynamic_data_size__ = SIZEOF (.log_dynamic_data)
                0x0000000000000eac                __log_dynamic_data_load_end__ = (__log_dynamic_data_load_start__ + SIZEOF (.log_dynamic_data))
                0x0000000000000001                . = ASSERT (((__log_dynamic_data_load_start__ == __log_dynamic_data_load_end__) || ((__log_dynamic_data_load_end__ - __FLASH1_segment_start__) <= __FLASH1_segment_size__)), error: .log_dynamic_data is too large to fit in FLASH1 memory segment)

.log_dynamic_data_run
                0x0000000020000000        0x0
                0x0000000020000000                __log_dynamic_data_run_start__ = .
                0x0000000020000000                __start_log_dynamic_data = __log_dynamic_data_run_start__
                0x0000000020000000                __log_dynamic_data_run_end__ = (__log_dynamic_data_run_start__ + SIZEOF (.log_dynamic_data))
                0x0000000000000000                __log_dynamic_data_run_size__ = (__log_dynamic_data_run_end__ - __log_dynamic_data_run_start__)
                0x0000000020000000                __stop_log_dynamic_data = __log_dynamic_data_run_end__
                0x0000000020000000                __log_dynamic_data_run_load_end__ = __log_dynamic_data_run_end__
                0x0000000000000001                . = ASSERT (((__log_dynamic_data_run_start__ == __log_dynamic_data_run_end__) || ((__log_dynamic_data_run_end__ - __RAM1_segment_start__) <= __RAM1_segment_size__)), error: .log_dynamic_data_run is too large to fit in RAM1 memory segment)
                0x0000000000000eac                __log_filter_data_load_start__ = ALIGN ((__log_dynamic_data_load_start__ + SIZEOF (.log_dynamic_data)), 0x4)

.log_filter_data
                0x0000000020000000        0x0 load address 0x0000000000000eac
                0x0000000020000000                __log_filter_data_start__ = .
 *(SORT_BY_NAME(.log_filter_data*))
                0x0000000020000000                __log_filter_data_end__ = (__log_filter_data_start__ + SIZEOF (.log_filter_data))
                0x0000000000000000                __log_filter_data_size__ = SIZEOF (.log_filter_data)
                0x0000000000000eac                __log_filter_data_load_end__ = (__log_filter_data_load_start__ + SIZEOF (.log_filter_data))
                0x0000000000000001                . = ASSERT (((__log_filter_data_load_start__ == __log_filter_data_load_end__) || ((__log_filter_data_load_end__ - __FLASH1_segment_start__) <= __FLASH1_segment_size__)), error: .log_filter_data is too large to fit in FLASH1 memory segment)

.log_filter_data_run
                0x0000000020000000        0x0
                0x0000000020000000                __log_filter_data_run_start__ = .
                0x0000000020000000                __start_log_filter_data = __log_filter_data_run_start__
                0x0000000020000000                __log_filter_data_run_end__ = (__log_filter_data_run_start__ + SIZEOF (.log_filter_data))
                0x0000000000000000                __log_filter_data_run_size__ = (__log_filter_data_run_end__ - __log_filter_data_run_start__)
                0x0000000020000000                __stop_log_filter_data = __log_filter_data_run_end__
                0x0000000020000000                __log_filter_data_run_load_end__ = __log_filter_data_run_end__
                0x0000000000000001                . = ASSERT (((__log_filter_data_run_start__ == __log_filter_data_run_end__) || ((__log_filter_data_run_end__ - __RAM1_segment_start__) <= __RAM1_segment_size__)), error: .log_filter_data_run is too large to fit in RAM1 memory segment)
                0x0000000020000000                __nrf_sections_run_end_load_start__ = ALIGN (__log_filter_data_run_end__, 0x4)

.nrf_sections_run_end
                0x0000000020000000        0x0
                0x0000000020000000                __nrf_sections_run_end_start__ = .
                0x0000000020000000                __end_nrf_sections_run = __nrf_sections_run_end_start__
 *(.nrf_sections_run_end .nrf_sections_run_end.*)
                0x0000000020000000                __nrf_sections_run_end_end__ = (__nrf_sections_run_end_start__ + SIZEOF (.nrf_sections_run_end))
                0x0000000000000000                __nrf_sections_run_end_size__ = SIZEOF (.nrf_sections_run_end)
                0x0000000020000000                __nrf_sections_run_end_load_end__ = __nrf_sections_run_end_end__
                0x0000000000000001                . = ASSERT (((__nrf_sections_run_end_start__ == __nrf_sections_run_end_end__) || ((__nrf_sections_run_end_end__ - __RAM1_segment_start__) <= __RAM1_segment_size__)), error: .nrf_sections_run_end is too large to fit in RAM1 memory segment)
                0x0000000000000eac                __dtors_load_start__ = ALIGN ((__log_filter_data_load_start__ + SIZEOF (.log_filter_data)), 0x4)

.dtors          0x0000000000000eac        0x0
                0x0000000000000eac                __dtors_start__ = .
 *(SORT_BY_NAME(.dtors.*))
 *(.dtors)
 *(.fini_array)
 *(SORT_BY_NAME(.fini_array.*))
                0x0000000000000eac                __dtors_end__ = (__dtors_start__ + SIZEOF (.dtors))
                0x0000000000000000                __dtors_size__ = SIZEOF (.dtors)
                0x0000000000000eac                __dtors_load_end__ = __dtors_end__
                0x0000000000000001                . = ASSERT (((__dtors_start__ == __dtors_end__) || ((__dtors_end__ - __FLASH1_segment_start__) <= __FLASH1_segment_size__)), error: .dtors is too large to fit in FLASH1 memory segment)
                0x0000000000000eac                __ctors_load_start__ = ALIGN (__dtors_end__, 0x4)

.ctors          0x0000000000000eac        0x0
                0x0000000000000eac                __ctors_start__ = .
 *(SORT_BY_NAME(.ctors.*))
 *(.ctors)
 *(.init_array)
 *(SORT_BY_NAME(.init_array.*))
                0x0000000000000eac                __ctors_end__ = (__ctors_start__ + SIZEOF (.ctors))
                0x0000000000000000                __ctors_size__ = SIZEOF (.ctors)
                0x0000000000000eac                __ctors_load_end__ = __ctors_end__
                0x0000000000000001                . = ASSERT (((__ctors_start__ == __ctors_end__) || ((__ctors_end__ - __FLASH1_segment_start__) <= __FLASH1_segment_size__)), error: .ctors is too large to fit in FLASH1 memory segment)
                0x0000000000000eac                __rodata_load_start__ = ALIGN (__ctors_end__, 0x4)

.rodata         0x0000000000000eac       0x8c
                0x0000000000000eac                __rodata_start__ = .
 *(.rodata .rodata.* .gnu.linkonce.r.*)
 .rodata        0x0000000000000eac       0x70 Output/Debug/Obj/TestTask/boards.o
 .rodata.m_board_led_list
                0x0000000000000f1c        0x4 Output/Debug/Obj/TestTask/boards.o
 .rodata.m_board_btn_list
                0x0000000000000f20        0x4 Output/Debug/Obj/TestTask/boards.o
 *fill*         0x0000000000000f24        0xc 
 .rodata.delay_machine_code.0
                0x0000000000000f30        0x6 Output/Debug/Obj/TestTask/main.o
                0x0000000000000f38                . = ALIGN (MAX ((__rodata_start__ + 0x4), .), 0x4)
 *fill*         0x0000000000000f36        0x2 
                0x0000000000000f38                __rodata_end__ = (__rodata_start__ + SIZEOF (.rodata))
                0x000000000000008c                __rodata_size__ = SIZEOF (.rodata)
                0x0000000000000f38                __rodata_load_end__ = __rodata_end__

.rel.dyn        0x0000000000000f38        0x0
 .rel.iplt      0x0000000000000f38        0x0 Output/Debug/Obj/TestTask/thumb_crt0.o
                0x0000000000000001                . = ASSERT (((__rodata_start__ == __rodata_end__) || ((__rodata_end__ - __FLASH1_segment_start__) <= __FLASH1_segment_size__)), error: .rodata is too large to fit in FLASH1 memory segment)
                0x0000000000000f38                __ARM.exidx_load_start__ = ALIGN (__rodata_end__, 0x4)

.ARM.exidx      0x0000000000000f38        0x0
                0x0000000000000f38                __ARM.exidx_start__ = .
                0x0000000000000f38                __exidx_start = __ARM.exidx_start__
 *(.ARM.exidx .ARM.exidx.*)
                0x0000000000000f38                __ARM.exidx_end__ = (__ARM.exidx_start__ + SIZEOF (.ARM.exidx))
                0x0000000000000000                __ARM.exidx_size__ = SIZEOF (.ARM.exidx)
                0x0000000000000f38                __exidx_end = __ARM.exidx_end__
                0x0000000000000f38                __ARM.exidx_load_end__ = __ARM.exidx_end__
                0x0000000000000001                . = ASSERT (((__ARM.exidx_start__ == __ARM.exidx_end__) || ((__ARM.exidx_end__ - __FLASH1_segment_start__) <= __FLASH1_segment_size__)), error: .ARM.exidx is too large to fit in FLASH1 memory segment)
                0x0000000000000f38                __fast_load_start__ = ALIGN (__ARM.exidx_end__, 0x4)

.fast           0x0000000020000000        0x0 load address 0x0000000000000f38
                0x0000000020000000                __fast_start__ = .
 *(.fast .fast.*)
                0x0000000020000000                __fast_end__ = (__fast_start__ + SIZEOF (.fast))
                0x0000000000000000                __fast_size__ = SIZEOF (.fast)
                0x0000000000000f38                __fast_load_end__ = (__fast_load_start__ + SIZEOF (.fast))
                0x0000000000000001                . = ASSERT (((__fast_load_start__ == __fast_load_end__) || ((__fast_load_end__ - __FLASH1_segment_start__) <= __FLASH1_segment_size__)), error: .fast is too large to fit in FLASH1 memory segment)

.fast_run       0x0000000020000000        0x0
                0x0000000020000000                __fast_run_start__ = .
                0x0000000020000000                __fast_run_end__ = (__fast_run_start__ + SIZEOF (.fast))
                0x0000000000000000                __fast_run_size__ = (__fast_run_end__ - __fast_run_start__)
                0x0000000020000000                __fast_run_load_end__ = __fast_run_end__
                0x0000000000000001                . = ASSERT (((__fast_run_start__ == __fast_run_end__) || ((__fast_run_end__ - __RAM1_segment_start__) <= __RAM1_segment_size__)), error: .fast_run is too large to fit in RAM1 memory segment)
                0x0000000000000f38                __data_load_start__ = ALIGN ((__fast_load_start__ + SIZEOF (.fast)), 0x4)

.data           0x0000000020000000        0x4 load address 0x0000000000000f38
                0x0000000020000000                __data_start__ = .
 *(.data .data.* .gnu.linkonce.d.*)
 .data.SystemCoreClock
                0x0000000020000000        0x4 Output/Debug/Obj/TestTask/system_nrf52840.o
                0x0000000020000000                SystemCoreClock
                0x0000000020000004                __data_end__ = (__data_start__ + SIZEOF (.data))
                0x0000000000000004                __data_size__ = SIZEOF (.data)
                0x0000000000000f3c                __data_load_end__ = (__data_load_start__ + SIZEOF (.data))

.igot.plt       0x0000000100000000        0x0
 .igot.plt      0x0000000100000000        0x0 Output/Debug/Obj/TestTask/thumb_crt0.o
                0x0000000000000001                . = ASSERT (((__data_load_start__ == __data_load_end__) || ((__data_load_end__ - __FLASH1_segment_start__) <= __FLASH1_segment_size__)), error: .data is too large to fit in FLASH1 memory segment)

.data_run       0x0000000020000000        0x0
                0x0000000020000000                __data_run_start__ = .
                0x0000000020000004                __data_run_end__ = (__data_run_start__ + SIZEOF (.data))
                0x0000000000000004                __data_run_size__ = (__data_run_end__ - __data_run_start__)
                0x0000000020000004                __data_run_load_end__ = __data_run_end__
                0x0000000000000001                . = ASSERT (((__data_run_start__ == __data_run_end__) || ((__data_run_end__ - __RAM1_segment_start__) <= __RAM1_segment_size__)), error: .data_run is too large to fit in RAM1 memory segment)
                0x0000000000000f3c                __tdata_load_start__ = ALIGN ((__data_load_start__ + SIZEOF (.data)), 0x4)

.tdata          0x0000000020000004        0x0 load address 0x0000000000000f3c
                0x0000000020000004                __tdata_start__ = .
 *(.tdata .tdata.*)
                0x0000000020000004                __tdata_end__ = (__tdata_start__ + SIZEOF (.tdata))
                0x0000000000000000                __tdata_size__ = SIZEOF (.tdata)
                0x0000000000000f3c                __tdata_load_end__ = (__tdata_load_start__ + SIZEOF (.tdata))
                0x0000000000000f3c                __FLASH1_segment_used_end__ = (ALIGN ((__data_load_start__ + SIZEOF (.data)), 0x4) + SIZEOF (.tdata))
                0x0000000000000f3c                __FLASH1_segment_used_size__ = (__FLASH1_segment_used_end__ - __FLASH1_segment_start__)
                0x0000000000000001                . = ASSERT (((__tdata_load_start__ == __tdata_load_end__) || ((__tdata_load_end__ - __FLASH1_segment_start__) <= __FLASH1_segment_size__)), error: .tdata is too large to fit in FLASH1 memory segment)

.tdata_run      0x0000000020000004        0x0
                0x0000000020000004                __tdata_run_start__ = .
                0x0000000020000004                __tdata_run_end__ = (__tdata_run_start__ + SIZEOF (.tdata))
                0x0000000000000000                __tdata_run_size__ = (__tdata_run_end__ - __tdata_run_start__)
                0x0000000020000004                __tdata_run_load_end__ = __tdata_run_end__
                0x0000000000000001                . = ASSERT (((__tdata_run_start__ == __tdata_run_end__) || ((__tdata_run_end__ - __RAM1_segment_start__) <= __RAM1_segment_size__)), error: .tdata_run is too large to fit in RAM1 memory segment)
                0x0000000020000004                __bss_load_start__ = ALIGN (__tdata_run_end__, 0x4)

.bss            0x0000000020000004       0x24
                0x0000000020000004                __bss_start__ = .
 *(.bss .bss.* .gnu.linkonce.b.*)
 .bss.m_error_data.0
                0x0000000020000004       0x20 Output/Debug/Obj/TestTask/app_error.o
 .bss.__SEGGER_RTL_heap_globals
                0x0000000020000024        0x4 C:/Program Files/SEGGER/SEGGER Embedded Studio for ARM 6.22a/lib/heapops_basic_v7em_little.a(heapops_basic.o)
 *(COMMON)
                0x0000000020000028                __bss_end__ = (__bss_start__ + SIZEOF (.bss))
                0x0000000000000024                __bss_size__ = SIZEOF (.bss)
                0x0000000020000028                __bss_load_end__ = __bss_end__
                0x0000000000000001                . = ASSERT (((__bss_start__ == __bss_end__) || ((__bss_end__ - __RAM1_segment_start__) <= __RAM1_segment_size__)), error: .bss is too large to fit in RAM1 memory segment)
                0x0000000020000028                __tbss_load_start__ = ALIGN (__bss_end__, 0x4)

.tbss           0x0000000020000028        0x0
                0x0000000020000028                __tbss_start__ = .
 *(.tbss .tbss.*)
                0x0000000020000028                __tbss_end__ = (__tbss_start__ + SIZEOF (.tbss))
                0x0000000000000000                __tbss_size__ = SIZEOF (.tbss)
                0x0000000020000028                __tbss_load_end__ = __tbss_end__
                0x0000000000000001                . = ASSERT (((__tbss_start__ == __tbss_end__) || ((__tbss_end__ - __RAM1_segment_start__) <= __RAM1_segment_size__)), error: .tbss is too large to fit in RAM1 memory segment)
                0x0000000020000028                __non_init_load_start__ = ALIGN (__tbss_end__, 0x4)

.non_init       0x0000000020000028        0x0
                0x0000000020000028                __non_init_start__ = .
 *(.non_init .non_init.*)
                0x0000000020000028                __non_init_end__ = (__non_init_start__ + SIZEOF (.non_init))
                0x0000000000000000                __non_init_size__ = SIZEOF (.non_init)
                0x0000000020000028                __non_init_load_end__ = __non_init_end__
                0x0000000000000001                . = ASSERT (((__non_init_start__ == __non_init_end__) || ((__non_init_end__ - __RAM1_segment_start__) <= __RAM1_segment_size__)), error: .non_init is too large to fit in RAM1 memory segment)
                0x0000000020000028                __heap_load_start__ = ALIGN (__non_init_end__, 0x4)

.heap           0x0000000020000028     0x2000
                0x0000000020000028                __heap_start__ = .
 *(.heap .heap.*)
                0x0000000020002028                . = ALIGN (MAX ((__heap_start__ + __HEAPSIZE__), .), 0x4)
 *fill*         0x0000000020000028     0x2000 
                0x0000000020002028                __heap_end__ = (__heap_start__ + SIZEOF (.heap))
                0x0000000000002000                __heap_size__ = SIZEOF (.heap)
                0x0000000020002028                __heap_load_end__ = __heap_end__
                0x0000000000000001                . = ASSERT (((__heap_start__ == __heap_end__) || ((__heap_end__ - __RAM1_segment_start__) <= __RAM1_segment_size__)), error: .heap is too large to fit in RAM1 memory segment)
                0x000000002003e000                __stack_load_start__ = (__RAM1_segment_start__ + (__RAM1_segment_size__ - 0x2000))

.stack          0x000000002003e000     0x2000
                0x000000002003e000                __stack_start__ = .
                0x000000002003e000                __StackLimit = __stack_start__
 *(.stack .stack.*)
                0x0000000020040000                . = ALIGN (MAX ((__stack_start__ + __STACKSIZE__), .), 0x8)
 *fill*         0x000000002003e000     0x2000 
                0x0000000020040000                __stack_end__ = (__stack_start__ + SIZEOF (.stack))
                0x0000000000002000                __stack_size__ = SIZEOF (.stack)
                0x0000000020040000                __StackTop = __stack_end__
                0x0000000020040000                __stack_load_end__ = __stack_end__
                0x0000000000000001                . = ASSERT (((__stack_start__ == __stack_end__) || ((__stack_end__ - __RAM1_segment_start__) <= __RAM1_segment_size__)), error: .stack is too large to fit in RAM1 memory segment)
                0x0000000000000001                . = ASSERT ((__heap_end__ <= __stack_start__), error: section .heap overlaps absolute placed section .stack)
                0x0000000020040000                __stack_process_load_start__ = ALIGN (__stack_end__, 0x8)

.stack_process  0x0000000020040000        0x0
                0x0000000020040000                __stack_process_start__ = .
 *(.stack_process .stack_process.*)
                0x0000000020040000                . = ALIGN (MAX ((__stack_process_start__ + __STACKSIZE_PROCESS__), .), 0x8)
                0x0000000020040000                __stack_process_end__ = (__stack_process_start__ + SIZEOF (.stack_process))
                0x0000000000000000                __stack_process_size__ = SIZEOF (.stack_process)
                0x0000000020040000                __stack_process_load_end__ = __stack_process_end__
                0x0000000020040000                __RAM1_segment_used_end__ = (ALIGN (__stack_end__, 0x8) + SIZEOF (.stack_process))
                0x0000000000040000                __RAM1_segment_used_size__ = (__RAM1_segment_used_end__ - __RAM1_segment_start__)
                0x0000000000000001                . = ASSERT (((__stack_process_start__ == __stack_process_end__) || ((__stack_process_end__ - __RAM1_segment_start__) <= __RAM1_segment_size__)), error: .stack_process is too large to fit in RAM1 memory segment)
START GROUP
LOAD Output/Debug/Obj/TestTask/thumb_crt0.o
LOAD Output/Debug/Obj/TestTask/nrf_log_frontend.o
LOAD Output/Debug/Obj/TestTask/nrf_log_str_formatter.o
LOAD Output/Debug/Obj/TestTask/boards.o
LOAD Output/Debug/Obj/TestTask/app_error.o
LOAD Output/Debug/Obj/TestTask/app_error_handler_gcc.o
LOAD Output/Debug/Obj/TestTask/app_error_weak.o
LOAD Output/Debug/Obj/TestTask/app_util_platform.o
LOAD Output/Debug/Obj/TestTask/nrf_assert.o
LOAD Output/Debug/Obj/TestTask/nrf_atomic.o
LOAD Output/Debug/Obj/TestTask/nrf_balloc.o
LOAD Output/Debug/Obj/TestTask/nrf_fprintf.o
LOAD Output/Debug/Obj/TestTask/nrf_fprintf_format.o
LOAD Output/Debug/Obj/TestTask/nrf_memobj.o
LOAD Output/Debug/Obj/TestTask/nrf_ringbuf.o
LOAD Output/Debug/Obj/TestTask/nrf_strerror.o
LOAD Output/Debug/Obj/TestTask/nrfx_atomic.o
LOAD Output/Debug/Obj/TestTask/main.o
LOAD Output/Debug/Obj/TestTask/ses_startup_nrf52840.o
LOAD Output/Debug/Obj/TestTask/ses_startup_nrf_common.o
LOAD Output/Debug/Obj/TestTask/system_nrf52840.o
LOAD C:/Program Files/SEGGER/SEGGER Embedded Studio for ARM 6.22a/lib/libc_v7em_fpv4_sp_d16_hard_t_le_eabi_balanced.a
LOAD C:/Program Files/SEGGER/SEGGER Embedded Studio for ARM 6.22a/lib/heapops_basic_v7em_little.a
END GROUP
OUTPUT(E:/Development/Droid/Nordic/Projects/nRF5/TestTask/Output/Debug/Exe/TestTask.elf elf32-littlearm)
LOAD linker stubs

.ARM.attributes
                0x0000000000000000       0x36
 .ARM.attributes
                0x0000000000000000       0x20 Output/Debug/Obj/TestTask/thumb_crt0.o
 .ARM.attributes
                0x0000000000000020       0x36 Output/Debug/Obj/TestTask/boards.o
 .ARM.attributes
                0x0000000000000056       0x36 Output/Debug/Obj/TestTask/app_error.o
 .ARM.attributes
                0x000000000000008c       0x36 Output/Debug/Obj/TestTask/app_error_weak.o
 .ARM.attributes
                0x00000000000000c2       0x36 Output/Debug/Obj/TestTask/nrf_assert.o
 .ARM.attributes
                0x00000000000000f8       0x36 Output/Debug/Obj/TestTask/main.o
 .ARM.attributes
                0x000000000000012e       0x20 Output/Debug/Obj/TestTask/ses_startup_nrf52840.o
 .ARM.attributes
                0x000000000000014e       0x20 Output/Debug/Obj/TestTask/ses_startup_nrf_common.o
 .ARM.attributes
                0x000000000000016e       0x36 Output/Debug/Obj/TestTask/system_nrf52840.o

.comment        0x0000000000000000       0x3f
 .comment       0x0000000000000000       0x3f Output/Debug/Obj/TestTask/boards.o
                                         0x40 (size before relaxing)
 .comment       0x000000000000003f       0x40 Output/Debug/Obj/TestTask/app_error.o
 .comment       0x000000000000003f       0x40 Output/Debug/Obj/TestTask/app_error_weak.o
 .comment       0x000000000000003f       0x40 Output/Debug/Obj/TestTask/nrf_assert.o
 .comment       0x000000000000003f       0x40 Output/Debug/Obj/TestTask/main.o
 .comment       0x000000000000003f       0x40 Output/Debug/Obj/TestTask/system_nrf52840.o
 .comment       0x000000000000003f       0x40 C:/Program Files/SEGGER/SEGGER Embedded Studio for ARM 6.22a/lib/heapops_basic_v7em_little.a(heapops_basic.o)

.debug_line     0x0000000000000000     0x5aab
 .debug_line    0x0000000000000000      0x17e Output/Debug/Obj/TestTask/thumb_crt0.o
 .debug_line    0x000000000000017e      0xa08 Output/Debug/Obj/TestTask/boards.o
 .debug_line    0x0000000000000b86      0x3a7 Output/Debug/Obj/TestTask/app_error.o
 .debug_line    0x0000000000000f2d      0x5b5 Output/Debug/Obj/TestTask/app_error_weak.o
 .debug_line    0x00000000000014e2      0x324 Output/Debug/Obj/TestTask/nrf_assert.o
 .debug_line    0x0000000000001806      0x657 Output/Debug/Obj/TestTask/main.o
 .debug_line    0x0000000000001e5d       0x8b Output/Debug/Obj/TestTask/ses_startup_nrf52840.o
 .debug_line    0x0000000000001ee8       0xaa Output/Debug/Obj/TestTask/ses_startup_nrf_common.o
 .debug_line    0x0000000000001f92     0x3b19 Output/Debug/Obj/TestTask/system_nrf52840.o

.debug_info     0x0000000000000000     0x5660
 .debug_info    0x0000000000000000       0x22 Output/Debug/Obj/TestTask/thumb_crt0.o
 .debug_info    0x0000000000000022      0x908 Output/Debug/Obj/TestTask/boards.o
 .debug_info    0x000000000000092a      0x264 Output/Debug/Obj/TestTask/app_error.o
 .debug_info    0x0000000000000b8e      0x230 Output/Debug/Obj/TestTask/app_error_weak.o
 .debug_info    0x0000000000000dbe      0x10f Output/Debug/Obj/TestTask/nrf_assert.o
 .debug_info    0x0000000000000ecd      0x16f Output/Debug/Obj/TestTask/main.o
 .debug_info    0x000000000000103c       0x23 Output/Debug/Obj/TestTask/ses_startup_nrf52840.o
 .debug_info    0x000000000000105f       0x23 Output/Debug/Obj/TestTask/ses_startup_nrf_common.o
 .debug_info    0x0000000000001082     0x45de Output/Debug/Obj/TestTask/system_nrf52840.o

.debug_abbrev   0x0000000000000000      0x8cc
 .debug_abbrev  0x0000000000000000       0x12 Output/Debug/Obj/TestTask/thumb_crt0.o
 .debug_abbrev  0x0000000000000012      0x24d Output/Debug/Obj/TestTask/boards.o
 .debug_abbrev  0x000000000000025f      0x114 Output/Debug/Obj/TestTask/app_error.o
 .debug_abbrev  0x0000000000000373      0x13d Output/Debug/Obj/TestTask/app_error_weak.o
 .debug_abbrev  0x00000000000004b0       0xab Output/Debug/Obj/TestTask/nrf_assert.o
 .debug_abbrev  0x000000000000055b       0xf7 Output/Debug/Obj/TestTask/main.o
 .debug_abbrev  0x0000000000000652       0x14 Output/Debug/Obj/TestTask/ses_startup_nrf52840.o
 .debug_abbrev  0x0000000000000666       0x14 Output/Debug/Obj/TestTask/ses_startup_nrf_common.o
 .debug_abbrev  0x000000000000067a      0x252 Output/Debug/Obj/TestTask/system_nrf52840.o

.debug_aranges  0x0000000000000000      0xe58
 .debug_aranges
                0x0000000000000000       0x50 Output/Debug/Obj/TestTask/thumb_crt0.o
 .debug_aranges
                0x0000000000000050      0x100 Output/Debug/Obj/TestTask/boards.o
 .debug_aranges
                0x0000000000000150       0x28 Output/Debug/Obj/TestTask/app_error.o
 .debug_aranges
                0x0000000000000178       0x20 Output/Debug/Obj/TestTask/app_error_weak.o
 .debug_aranges
                0x0000000000000198       0x20 Output/Debug/Obj/TestTask/nrf_assert.o
 .debug_aranges
                0x00000000000001b8       0x30 Output/Debug/Obj/TestTask/main.o
 .debug_aranges
                0x00000000000001e8       0x20 Output/Debug/Obj/TestTask/ses_startup_nrf52840.o
 .debug_aranges
                0x0000000000000208       0x20 Output/Debug/Obj/TestTask/ses_startup_nrf_common.o
 .debug_aranges
                0x0000000000000228      0xc30 Output/Debug/Obj/TestTask/system_nrf52840.o

.debug_str      0x0000000000000000    0x919f0
 .debug_str     0x0000000000000000       0x92 Output/Debug/Obj/TestTask/thumb_crt0.o
 .debug_str     0x0000000000000092    0x84894 Output/Debug/Obj/TestTask/boards.o
                                      0x859a9 (size before relaxing)
 .debug_str     0x0000000000084926      0x11a Output/Debug/Obj/TestTask/app_error.o
                                      0x78176 (size before relaxing)
 .debug_str     0x0000000000084a40     0x3020 Output/Debug/Obj/TestTask/app_error_weak.o
                                      0x84b35 (size before relaxing)
 .debug_str     0x0000000000087a60       0x60 Output/Debug/Obj/TestTask/nrf_assert.o
                                      0x7818a (size before relaxing)
 .debug_str     0x0000000000087ac0       0xe2 Output/Debug/Obj/TestTask/main.o
                                      0x854f5 (size before relaxing)
 .debug_str     0x0000000000087ba2       0x4d Output/Debug/Obj/TestTask/ses_startup_nrf52840.o
                                         0x8e (size before relaxing)
 .debug_str     0x0000000000087bef       0x4f Output/Debug/Obj/TestTask/ses_startup_nrf_common.o
                                         0x90 (size before relaxing)
 .debug_str     0x0000000000087c3e     0x9db2 Output/Debug/Obj/TestTask/system_nrf52840.o
                                      0x816e5 (size before relaxing)

.debug_ranges   0x0000000000000000      0xdb0
 .debug_ranges  0x0000000000000000       0x48 Output/Debug/Obj/TestTask/thumb_crt0.o
 .debug_ranges  0x0000000000000048       0xf0 Output/Debug/Obj/TestTask/boards.o
 .debug_ranges  0x0000000000000138       0x18 Output/Debug/Obj/TestTask/app_error.o
 .debug_ranges  0x0000000000000150       0x10 Output/Debug/Obj/TestTask/app_error_weak.o
 .debug_ranges  0x0000000000000160       0x10 Output/Debug/Obj/TestTask/nrf_assert.o
 .debug_ranges  0x0000000000000170       0x20 Output/Debug/Obj/TestTask/main.o
 .debug_ranges  0x0000000000000190      0xc20 Output/Debug/Obj/TestTask/system_nrf52840.o

.debug_frame    0x0000000000000000     0x24a8
 .debug_frame   0x0000000000000000      0x460 Output/Debug/Obj/TestTask/boards.o
 .debug_frame   0x0000000000000460       0x58 Output/Debug/Obj/TestTask/app_error.o
 .debug_frame   0x00000000000004b8       0x38 Output/Debug/Obj/TestTask/app_error_weak.o
 .debug_frame   0x00000000000004f0       0x38 Output/Debug/Obj/TestTask/nrf_assert.o
 .debug_frame   0x0000000000000528       0x80 Output/Debug/Obj/TestTask/main.o
 .debug_frame   0x00000000000005a8     0x1f00 Output/Debug/Obj/TestTask/system_nrf52840.o

.debug_pubnames
                0x0000000000000000     0x2572
 .debug_pubnames
                0x0000000000000000      0x4dc Output/Debug/Obj/TestTask/boards.o
 .debug_pubnames
                0x00000000000004dc       0x6c Output/Debug/Obj/TestTask/app_error.o
 .debug_pubnames
                0x0000000000000548       0xe5 Output/Debug/Obj/TestTask/app_error_weak.o
 .debug_pubnames
                0x000000000000062d       0x2a Output/Debug/Obj/TestTask/nrf_assert.o
 .debug_pubnames
                0x0000000000000657       0x46 Output/Debug/Obj/TestTask/main.o
 .debug_pubnames
                0x000000000000069d     0x1ed5 Output/Debug/Obj/TestTask/system_nrf52840.o

.debug_pubtypes
                0x0000000000000000      0x720
 .debug_pubtypes
                0x0000000000000000      0x171 Output/Debug/Obj/TestTask/boards.o
 .debug_pubtypes
                0x0000000000000171      0x10a Output/Debug/Obj/TestTask/app_error.o
 .debug_pubtypes
                0x000000000000027b      0x10e Output/Debug/Obj/TestTask/app_error_weak.o
 .debug_pubtypes
                0x0000000000000389       0xed Output/Debug/Obj/TestTask/nrf_assert.o
 .debug_pubtypes
                0x0000000000000476       0xcf Output/Debug/Obj/TestTask/main.o
 .debug_pubtypes
                0x0000000000000545      0x1db Output/Debug/Obj/TestTask/system_nrf52840.o

.debug_macro    0x0000000000000000     0x311b
 .debug_macro   0x0000000000000000      0x24d Output/Debug/Obj/TestTask/boards.o
 .debug_macro   0x000000000000024d       0x22 Output/Debug/Obj/TestTask/boards.o
 .debug_macro   0x000000000000026f       0xfb Output/Debug/Obj/TestTask/boards.o
 .debug_macro   0x000000000000036a       0x40 Output/Debug/Obj/TestTask/boards.o
 .debug_macro   0x00000000000003aa      0x462 Output/Debug/Obj/TestTask/boards.o
 .debug_macro   0x000000000000080c       0x59 Output/Debug/Obj/TestTask/boards.o
 .debug_macro   0x0000000000000865       0x1f Output/Debug/Obj/TestTask/boards.o
 .debug_macro   0x0000000000000884      0x154 Output/Debug/Obj/TestTask/boards.o
 .debug_macro   0x00000000000009d8       0x3f Output/Debug/Obj/TestTask/boards.o
 .debug_macro   0x0000000000000a17       0x52 Output/Debug/Obj/TestTask/boards.o
 .debug_macro   0x0000000000000a69       0x49 Output/Debug/Obj/TestTask/boards.o
 .debug_macro   0x0000000000000ab2       0x8c Output/Debug/Obj/TestTask/boards.o
 .debug_macro   0x0000000000000b3e       0x19 Output/Debug/Obj/TestTask/boards.o
 .debug_macro   0x0000000000000b57       0x1d Output/Debug/Obj/TestTask/boards.o
 .debug_macro   0x0000000000000b74       0x35 Output/Debug/Obj/TestTask/boards.o
 .debug_macro   0x0000000000000ba9       0x7b Output/Debug/Obj/TestTask/boards.o
 .debug_macro   0x0000000000000c24       0x64 Output/Debug/Obj/TestTask/boards.o
 .debug_macro   0x0000000000000c88       0x20 Output/Debug/Obj/TestTask/boards.o
 .debug_macro   0x0000000000000ca8       0x1c Output/Debug/Obj/TestTask/boards.o
 .debug_macro   0x0000000000000cc4      0x208 Output/Debug/Obj/TestTask/boards.o
 .debug_macro   0x0000000000000ecc      0x16d Output/Debug/Obj/TestTask/boards.o
 .debug_macro   0x0000000000001039      0x12b Output/Debug/Obj/TestTask/app_error.o
 .debug_macro   0x0000000000001164       0x5e Output/Debug/Obj/TestTask/app_error.o
 .debug_macro   0x00000000000011c2      0x22a Output/Debug/Obj/TestTask/app_error_weak.o
 .debug_macro   0x00000000000013ec       0x31 Output/Debug/Obj/TestTask/app_error_weak.o
 .debug_macro   0x000000000000141d       0x16 Output/Debug/Obj/TestTask/app_error_weak.o
 .debug_macro   0x0000000000001433       0x55 Output/Debug/Obj/TestTask/app_error_weak.o
 .debug_macro   0x0000000000001488      0x17f Output/Debug/Obj/TestTask/app_error_weak.o
 .debug_macro   0x0000000000001607       0x9a Output/Debug/Obj/TestTask/app_error_weak.o
 .debug_macro   0x00000000000016a1       0x28 Output/Debug/Obj/TestTask/app_error_weak.o
 .debug_macro   0x00000000000016c9       0x23 Output/Debug/Obj/TestTask/app_error_weak.o
 .debug_macro   0x00000000000016ec       0x1c Output/Debug/Obj/TestTask/app_error_weak.o
 .debug_macro   0x0000000000001708      0x13a Output/Debug/Obj/TestTask/nrf_assert.o
 .debug_macro   0x0000000000001842       0x10 Output/Debug/Obj/TestTask/nrf_assert.o
 .debug_macro   0x0000000000001852      0x257 Output/Debug/Obj/TestTask/main.o
 .debug_macro   0x0000000000001aa9       0x22 Output/Debug/Obj/TestTask/main.o
 .debug_macro   0x0000000000001acb      0x146 Output/Debug/Obj/TestTask/system_nrf52840.o
 .debug_macro   0x0000000000001c11      0x44e Output/Debug/Obj/TestTask/system_nrf52840.o
 .debug_macro   0x000000000000205f      0xa28 Output/Debug/Obj/TestTask/system_nrf52840.o
 .debug_macro   0x0000000000002a87      0x520 Output/Debug/Obj/TestTask/system_nrf52840.o
 .debug_macro   0x0000000000002fa7      0x164 Output/Debug/Obj/TestTask/system_nrf52840.o
 .debug_macro   0x000000000000310b       0x10 Output/Debug/Obj/TestTask/system_nrf52840.o
