Archive member included to satisfy reference by file (symbol)

C:/Program Files/SEGGER/SEGGER Embedded Studio for ARM 6.22a/lib/libc_v7em_fpv4_sp_d16_hard_t_le_eabi_balanced.a(mbops.o)
                              Output/Debug/Obj/TestTask/nrf_log_str_formatter.o (isprint)
C:/Program Files/SEGGER/SEGGER Embedded Studio for ARM 6.22a/lib/libc_v7em_fpv4_sp_d16_hard_t_le_eabi_balanced.a(sortops.o)
                              C:/Program Files/SEGGER/SEGGER Embedded Studio for ARM 6.22a/lib/libc_v7em_fpv4_sp_d16_hard_t_le_eabi_balanced.a(mbops.o) (bsearch)
C:/Program Files/SEGGER/SEGGER Embedded Studio for ARM 6.22a/lib/libc_v7em_fpv4_sp_d16_hard_t_le_eabi_balanced.a(strasmops_arm.o)
                              Output/Debug/Obj/TestTask/nrf_log_frontend.o (strlen)
C:/Program Files/SEGGER/SEGGER Embedded Studio for ARM 6.22a/lib/libc_v7em_fpv4_sp_d16_hard_t_le_eabi_balanced.a(strops.o)
                              C:/Program Files/SEGGER/SEGGER Embedded Studio for ARM 6.22a/lib/libc_v7em_fpv4_sp_d16_hard_t_le_eabi_balanced.a(mbops.o) (strcat)
C:/Program Files/SEGGER/SEGGER Embedded Studio for ARM 6.22a/lib/libc_v7em_fpv4_sp_d16_hard_t_le_eabi_balanced.a(timeops.o)
                              C:/Program Files/SEGGER/SEGGER Embedded Studio for ARM 6.22a/lib/libc_v7em_fpv4_sp_d16_hard_t_le_eabi_balanced.a(mbops.o) (__SEGGER_RTL_string_list_encode)
C:/Program Files/SEGGER/SEGGER Embedded Studio for ARM 6.22a/lib/libc_v7em_fpv4_sp_d16_hard_t_le_eabi_balanced.a(__SEGGER_RTL_vfprintf_long.o)
                              (__SEGGER_RTL_vfprintf_long)
C:/Program Files/SEGGER/SEGGER Embedded Studio for ARM 6.22a/lib/libc_v7em_fpv4_sp_d16_hard_t_le_eabi_balanced.a(__SEGGER_RTL_vfscanf_long.o)
                              (__SEGGER_RTL_vfscanf_long)
C:/Program Files/SEGGER/SEGGER Embedded Studio for ARM 6.22a/lib/libc_v7em_fpv4_sp_d16_hard_t_le_eabi_balanced.a(errno.o)
                              C:/Program Files/SEGGER/SEGGER Embedded Studio for ARM 6.22a/lib/libc_v7em_fpv4_sp_d16_hard_t_le_eabi_balanced.a(mbops.o) (__aeabi_errno_addr)
C:/Program Files/SEGGER/SEGGER Embedded Studio for ARM 6.22a/lib/libc_v7em_fpv4_sp_d16_hard_t_le_eabi_balanced.a(errno_arm.o)
                              C:/Program Files/SEGGER/SEGGER Embedded Studio for ARM 6.22a/lib/libc_v7em_fpv4_sp_d16_hard_t_le_eabi_balanced.a(strops.o) (__aeabi_EDOM)
C:/Program Files/SEGGER/SEGGER Embedded Studio for ARM 6.22a/lib/libc_v7em_fpv4_sp_d16_hard_t_le_eabi_balanced.a(floatasmops_arm.o)
                              C:/Program Files/SEGGER/SEGGER Embedded Studio for ARM 6.22a/lib/libc_v7em_fpv4_sp_d16_hard_t_le_eabi_balanced.a(timeops.o) (__aeabi_i2d)
C:/Program Files/SEGGER/SEGGER Embedded Studio for ARM 6.22a/lib/libc_v7em_fpv4_sp_d16_hard_t_le_eabi_balanced.a(heapops.o)
                              C:/Program Files/SEGGER/SEGGER Embedded Studio for ARM 6.22a/lib/libc_v7em_fpv4_sp_d16_hard_t_le_eabi_balanced.a(mbops.o) (malloc)
C:/Program Files/SEGGER/SEGGER Embedded Studio for ARM 6.22a/lib/libc_v7em_fpv4_sp_d16_hard_t_le_eabi_balanced.a(intasmops_arm.o)
                              C:/Program Files/SEGGER/SEGGER Embedded Studio for ARM 6.22a/lib/libc_v7em_fpv4_sp_d16_hard_t_le_eabi_balanced.a(__SEGGER_RTL_vfprintf_long.o) (__aeabi_uldivmod)
C:/Program Files/SEGGER/SEGGER Embedded Studio for ARM 6.22a/lib/libc_v7em_fpv4_sp_d16_hard_t_le_eabi_balanced.a(intops.o)
                              C:/Program Files/SEGGER/SEGGER Embedded Studio for ARM 6.22a/lib/libc_v7em_fpv4_sp_d16_hard_t_le_eabi_balanced.a(timeops.o) (div)
C:/Program Files/SEGGER/SEGGER Embedded Studio for ARM 6.22a/lib/libc_v7em_fpv4_sp_d16_hard_t_le_eabi_balanced.a(utilops.o)
                              C:/Program Files/SEGGER/SEGGER Embedded Studio for ARM 6.22a/lib/libc_v7em_fpv4_sp_d16_hard_t_le_eabi_balanced.a(__SEGGER_RTL_vfscanf_long.o) (__SEGGER_RTL_digit)
C:/Program Files/SEGGER/SEGGER Embedded Studio for ARM 6.22a/lib/libc_v7em_fpv4_sp_d16_hard_t_le_eabi_balanced.a(prinops.o)
                              C:/Program Files/SEGGER/SEGGER Embedded Studio for ARM 6.22a/lib/libc_v7em_fpv4_sp_d16_hard_t_le_eabi_balanced.a(__SEGGER_RTL_vfprintf_long.o) (__SEGGER_RTL_putc)
C:/Program Files/SEGGER/SEGGER Embedded Studio for ARM 6.22a/lib/libc_v7em_fpv4_sp_d16_hard_t_le_eabi_balanced.a(fileops.o)
                              C:/Program Files/SEGGER/SEGGER Embedded Studio for ARM 6.22a/lib/libc_v7em_fpv4_sp_d16_hard_t_le_eabi_balanced.a(prinops.o) (fwrite)
C:/Program Files/SEGGER/SEGGER Embedded Studio for ARM 6.22a/lib/heapops_basic_v7em_little.a(heapops_basic.o)
                              C:/Program Files/SEGGER/SEGGER Embedded Studio for ARM 6.22a/lib/libc_v7em_fpv4_sp_d16_hard_t_le_eabi_balanced.a(heapops.o) (__SEGGER_RTL_alloc)

Discarded input sections

 .text          0x0000000000000000        0x0 Output/Debug/Obj/TestTask/thumb_crt0.o
 .data          0x0000000000000000        0x0 Output/Debug/Obj/TestTask/thumb_crt0.o
[...]
Memory Configuration

Name             Origin             Length             Attributes
UNPLACED_SECTIONS 0x0000000100000000 0x0000000000000000 xw
RAM1             0x0000000020000000 0x0000000000040000 xw
FLASH1           0x0000000000000000 0x0000000000100000 xw
*default*        0x0000000000000000 0xffffffffffffffff

Linker script and memory map

                0x0000000000000000                __SEGGER_RTL_vfprintf = __SEGGER_RTL_vfprintf_long
                0x0000000000000000                __SEGGER_RTL_vfscanf = __SEGGER_RTL_vfscanf_long
                0x0000000020000000                __RAM1_segment_start__ = 0x20000000
                0x0000000020040000                __RAM1_segment_end__ = 0x20040000
                0x0000000000040000                __RAM1_segment_size__ = 0x40000
                0x0000000000000000                __FLASH1_segment_start__ = 0x0
                0x0000000000100000                __FLASH1_segment_end__ = 0x100000
                0x0000000000100000                __FLASH1_segment_size__ = 0x100000
                0x0000000000002000                __HEAPSIZE__ = 0x2000
                0x0000000000000000                __STACKSIZE_PROCESS__ = 0x0
                0x0000000000002000                __STACKSIZE__ = 0x2000
                0x0000000020000000                __vectors_ram_load_start__ = 0x20000000

.vectors_ram    0x0000000020000000        0x0
                0x0000000020000000                __vectors_ram_start__ = .
                0x0000000020000000                __app_ram_start__ = __vectors_ram_start__
 *(.vectors_ram .vectors_ram.*)
                0x0000000020000000                __vectors_ram_end__ = (__vectors_ram_start__ + SIZEOF (.vectors_ram))
                0x0000000000000000                __vectors_ram_size__ = SIZEOF (.vectors_ram)
                0x0000000020000000                __vectors_ram_load_end__ = __vectors_ram_end__
                0x0000000000000001                . = ASSERT (((__vectors_ram_start__ == __vectors_ram_end__) || ((__vectors_ram_end__ - __RAM1_segment_start__) <= __RAM1_segment_size__)), error: .vectors_ram is too large to fit in RAM1 memory segment)
                0x0000000020000000                __nrf_sections_run_load_start__ = ALIGN (__vectors_ram_end__, 0x4)

.nrf_sections_run
                0x0000000020000000        0x0
                0x0000000020000000                __nrf_sections_run_start__ = .
                0x0000000020000000                __start_nrf_sections_run = __nrf_sections_run_start__
 *(.nrf_sections_run .nrf_sections_run.*)
                0x0000000020000000                __nrf_sections_run_end__ = (__nrf_sections_run_start__ + SIZEOF (.nrf_sections_run))
                0x0000000000000000                __nrf_sections_run_size__ = SIZEOF (.nrf_sections_run)
                0x0000000020000000                __nrf_sections_run_load_end__ = __nrf_sections_run_end__
                0x0000000000000001                . = ASSERT (((__nrf_sections_run_start__ == __nrf_sections_run_end__) || ((__nrf_sections_run_end__ - __RAM1_segment_start__) <= __RAM1_segment_size__)), error: .nrf_sections_run is too large to fit in RAM1 memory segment)
                0x0000000000000000                __vectors_load_start__ = 0x0

.vectors        0x0000000000000000      0x200
                0x0000000000000000                __vectors_start__ = .
 *(.vectors .vectors.*)
 .vectors       0x0000000000000000      0x200 Output/Debug/Obj/TestTask/ses_startup_nrf52840.o
                0x0000000000000000                _vectors
                0x0000000000000200                __vectors_end__ = (__vectors_start__ + SIZEOF (.vectors))
                0x0000000000000200                __vectors_size__ = SIZEOF (.vectors)
                0x0000000000000200                __vectors_load_end__ = __vectors_end__
                0x0000000000000001                . = ASSERT (((__vectors_start__ == __vectors_end__) || ((__vectors_end__ - __FLASH1_segment_start__) <= __FLASH1_segment_size__)), error: .vectors is too large to fit in FLASH1 memory segment)
                0x0000000000000200                __init_load_start__ = ALIGN (__vectors_end__, 0x4)

.init           0x0000000000000200      0x1cc
                0x0000000000000200                __init_start__ = .
 *(.init .init.*)
 .init          0x0000000000000200      0x158 Output/Debug/Obj/TestTask/thumb_crt0.o
                0x0000000000000200                _start
                0x00000000000002ae                exit
 .init          0x0000000000000358       0x18 Output/Debug/Obj/TestTask/ses_startup_nrf52840.o
                0x0000000000000358                NMI_Handler
                0x000000000000035a                HardFault_Handler
                0x000000000000035c                MemoryManagement_Handler
                0x000000000000035e                BusFault_Handler
                0x0000000000000360                UsageFault_Handler
                0x0000000000000362                SVC_Handler
                0x0000000000000364                DebugMon_Handler
                0x0000000000000366                PendSV_Handler
                0x000000000000036a                PWM1_IRQHandler
                0x000000000000036a                RTC0_IRQHandler
                0x000000000000036a                POWER_CLOCK_IRQHandler
                0x000000000000036a                RADIO_IRQHandler
                0x000000000000036a                PDM_IRQHandler
                0x000000000000036a                TEMP_IRQHandler
                0x000000000000036a                QDEC_IRQHandler
                0x000000000000036a                TIMER3_IRQHandler
                0x000000000000036a                PWM3_IRQHandler
                0x000000000000036a                FPU_IRQHandler
                0x000000000000036a                USBD_IRQHandler
                0x000000000000036a                QSPI_IRQHandler
                0x000000000000036a                TIMER4_IRQHandler
                0x000000000000036a                CRYPTOCELL_IRQHandler
                0x000000000000036a                SWI2_EGU2_IRQHandler
                0x000000000000036a                UARTE1_IRQHandler
                0x000000000000036a                Dummy_Handler
                0x000000000000036a                TIMER1_IRQHandler
                0x000000000000036a                SPIM3_IRQHandler
                0x000000000000036a                PWM2_IRQHandler
                0x000000000000036a                ECB_IRQHandler
                0x000000000000036a                SPIM1_SPIS1_TWIM1_TWIS1_SPI1_TWI1_IRQHandler
                0x000000000000036a                SAADC_IRQHandler
                0x000000000000036a                CCM_AAR_IRQHandler
                0x000000000000036a                WDT_IRQHandler
                0x000000000000036a                SWI0_EGU0_IRQHandler
                0x000000000000036a                SWI5_EGU5_IRQHandler
                0x000000000000036a                RNG_IRQHandler
                0x000000000000036a                RTC2_IRQHandler
                0x000000000000036a                PWM0_IRQHandler
                0x000000000000036a                SWI3_EGU3_IRQHandler
                0x000000000000036a                RTC1_IRQHandler
                0x000000000000036a                SWI1_EGU1_IRQHandler
                0x000000000000036a                SPIM2_SPIS2_SPI2_IRQHandler
                0x000000000000036a                NFCT_IRQHandler
                0x000000000000036a                SWI4_EGU4_IRQHandler
                0x000000000000036a                MWU_IRQHandler
                0x000000000000036a                TIMER2_IRQHandler
                0x000000000000036a                COMP_LPCOMP_IRQHandler
                0x000000000000036c                nRFInitialize
 .init          0x0000000000000370       0x5c Output/Debug/Obj/TestTask/ses_startup_nrf_common.o
                0x0000000000000370                Reset_Handler
                0x0000000000000374                afterInitialize
                0x0000000000000398                InitializeUserMemorySections
                0x00000000000003cc                __init_end__ = (__init_start__ + SIZEOF (.init))
                0x00000000000001cc                __init_size__ = SIZEOF (.init)
                0x00000000000003cc                __init_load_end__ = __init_end__
                0x0000000000000001                . = ASSERT (((__init_start__ == __init_end__) || ((__init_end__ - __FLASH1_segment_start__) <= __FLASH1_segment_size__)), error: .init is too large to fit in FLASH1 memory segment)
                0x00000000000003cc                __init_rodata_load_start__ = ALIGN (__init_end__, 0x4)

.init_rodata    0x00000000000003cc        0x0
                0x00000000000003cc                __init_rodata_start__ = .
 *(.init_rodata .init_rodata.*)
                0x00000000000003cc                __init_rodata_end__ = (__init_rodata_start__ + SIZEOF (.init_rodata))
                0x0000000000000000                __init_rodata_size__ = SIZEOF (.init_rodata)
                0x00000000000003cc                __init_rodata_load_end__ = __init_rodata_end__
                0x0000000000000001                . = ASSERT (((__init_rodata_start__ == __init_rodata_end__) || ((__init_rodata_end__ - __FLASH1_segment_start__) <= __FLASH1_segment_size__)), error: .init_rodata is too large to fit in FLASH1 memory segment)
                0x00000000000003cc                __text_load_start__ = ALIGN (__init_rodata_end__, 0x4)

.text           0x00000000000003cc     0x6b78
                0x00000000000003cc                __text_start__ = .
 *(.text .text.* .gnu.linkonce.t.* .glue_7t .glue_7 .gcc_except_table .ARM.extab* .gnu.linkonce.armextab.*)
 .glue_7        0x00000000000003cc        0x0 linker stubs
 .glue_7t       0x00000000000003cc        0x0 linker stubs
 .text.nrf_log_backend_put
                0x00000000000003cc       0x1c Output/Debug/Obj/TestTask/nrf_log_frontend.o
 .text.nrf_log_backend_panic_set
                0x00000000000003e8       0x18 Output/Debug/Obj/TestTask/nrf_log_frontend.o
 .text.nrf_log_backend_flush
                0x0000000000000400       0x18 Output/Debug/Obj/TestTask/nrf_log_frontend.o
 .text.nrf_log_backend_enable
                0x0000000000000418       0x12 Output/Debug/Obj/TestTask/nrf_log_frontend.o
 .text.nrf_log_backend_is_enabled
                0x000000000000042a       0x10 Output/Debug/Obj/TestTask/nrf_log_frontend.o
 *fill*         0x000000000000043a        0x2 
 .text.nrf_log_module_cnt_get
                0x000000000000043c       0x14 Output/Debug/Obj/TestTask/nrf_log_frontend.o
                0x000000000000043c                nrf_log_module_cnt_get
 .text.invalid_packets_omit
                0x0000000000000450       0x6e Output/Debug/Obj/TestTask/nrf_log_frontend.o
 *fill*         0x00000000000004be        0x2 
 .text.log_skip
                0x00000000000004c0      0x118 Output/Debug/Obj/TestTask/nrf_log_frontend.o
 .text.dropped_sat16_get
                0x00000000000005d8       0x28 Output/Debug/Obj/TestTask/nrf_log_frontend.o
 .text.std_header_set
                0x0000000000000600       0xb4 Output/Debug/Obj/TestTask/nrf_log_frontend.o
 .text.log_pending_hook
                0x00000000000006b4        0x4 Output/Debug/Obj/TestTask/nrf_log_frontend.o
                0x00000000000006b4                log_pending_hook
 .text.buf_prealloc
                0x00000000000006b8      0x128 Output/Debug/Obj/TestTask/nrf_log_frontend.o
 .text.std_n    0x00000000000007e0       0x98 Output/Debug/Obj/TestTask/nrf_log_frontend.o
 .text.nrf_log_frontend_std_0
                0x0000000000000878       0x1c Output/Debug/Obj/TestTask/nrf_log_frontend.o
                0x0000000000000878                nrf_log_frontend_std_0
 .text.nrf_log_frontend_std_1
                0x0000000000000894       0x22 Output/Debug/Obj/TestTask/nrf_log_frontend.o
                0x0000000000000894                nrf_log_frontend_std_1
 .text.nrf_log_frontend_std_2
                0x00000000000008b6       0x28 Output/Debug/Obj/TestTask/nrf_log_frontend.o
                0x00000000000008b6                nrf_log_frontend_std_2
 .text.nrf_log_frontend_std_5
                0x00000000000008de       0x34 Output/Debug/Obj/TestTask/nrf_log_frontend.o
                0x00000000000008de                nrf_log_frontend_std_5
 *fill*         0x0000000000000912        0x2 
 .text.buffer_is_empty
                0x0000000000000914       0x1c Output/Debug/Obj/TestTask/nrf_log_frontend.o
                0x0000000000000914                buffer_is_empty
 .text.nrf_log_frontend_dequeue
                0x0000000000000930      0x3a0 Output/Debug/Obj/TestTask/nrf_log_frontend.o
                0x0000000000000930                nrf_log_frontend_dequeue
 .text.nrf_log_panic
                0x0000000000000cd0       0x3c Output/Debug/Obj/TestTask/nrf_log_frontend.o
                0x0000000000000cd0                nrf_log_panic
 .text.nrf_gpio_pin_port_decode
                0x0000000000000d0c       0x4c Output/Debug/Obj/TestTask/boards.o
 .text.nrf_gpio_cfg
                0x0000000000000d58       0x62 Output/Debug/Obj/TestTask/boards.o
 .text.nrf_gpio_cfg_output
                0x0000000000000dba       0x22 Output/Debug/Obj/TestTask/boards.o
 .text.nrf_gpio_cfg_input
                0x0000000000000ddc       0x2a Output/Debug/Obj/TestTask/boards.o
 .text.nrf_gpio_pin_set
                0x0000000000000e06       0x28 Output/Debug/Obj/TestTask/boards.o
 .text.nrf_gpio_pin_clear
                0x0000000000000e2e       0x28 Output/Debug/Obj/TestTask/boards.o
 .text.nrf_gpio_pin_toggle
                0x0000000000000e56       0x44 Output/Debug/Obj/TestTask/boards.o
 .text.nrf_gpio_pin_write
                0x0000000000000e9a       0x24 Output/Debug/Obj/TestTask/boards.o
 .text.nrf_gpio_port_out_set
                0x0000000000000ebe       0x14 Output/Debug/Obj/TestTask/boards.o
 .text.nrf_gpio_port_out_clear
                0x0000000000000ed2       0x14 Output/Debug/Obj/TestTask/boards.o
 .text.nrf_gpio_pin_present_check
                0x0000000000000ee6       0x50 Output/Debug/Obj/TestTask/boards.o
 *fill*         0x0000000000000f36        0x2 
 .text.bsp_board_led_off
                0x0000000000000f38       0x34 Output/Debug/Obj/TestTask/boards.o
                0x0000000000000f38                bsp_board_led_off
 .text.bsp_board_leds_off
                0x0000000000000f6c       0x26 Output/Debug/Obj/TestTask/boards.o
                0x0000000000000f6c                bsp_board_leds_off
 *fill*         0x0000000000000f92        0x2 
 .text.bsp_board_led_invert
                0x0000000000000f94       0x34 Output/Debug/Obj/TestTask/boards.o
                0x0000000000000f94                bsp_board_led_invert
 .text.bsp_board_leds_init
                0x0000000000000fc8       0x34 Output/Debug/Obj/TestTask/boards.o
 .text.bsp_board_buttons_init
                0x0000000000000ffc       0x34 Output/Debug/Obj/TestTask/boards.o
 .text.bsp_board_init
                0x0000000000001030       0x2a Output/Debug/Obj/TestTask/boards.o
                0x0000000000001030                bsp_board_init
 *fill*         0x000000000000105a        0x2 
 .text.app_error_save_and_stop
                0x000000000000105c       0x98 Output/Debug/Obj/TestTask/app_error.o
                0x000000000000105c                app_error_save_and_stop
 .text.app_error_handler
                0x00000000000010f4       0x1c Output/Debug/Obj/TestTask/app_error_handler_gcc.o
                0x00000000000010f4                app_error_handler
 .text.app_error_fault_handler
                0x0000000000001110      0x104 Output/Debug/Obj/TestTask/app_error_weak.o
                0x0000000000001110                app_error_fault_handler
 .text.app_util_disable_irq
                0x0000000000001214       0x18 Output/Debug/Obj/TestTask/app_util_platform.o
                0x0000000000001214                app_util_disable_irq
 .text.app_util_enable_irq
                0x000000000000122c       0x20 Output/Debug/Obj/TestTask/app_util_platform.o
                0x000000000000122c                app_util_enable_irq
 .text.app_util_critical_region_enter
                0x000000000000124c       0x28 Output/Debug/Obj/TestTask/app_util_platform.o
                0x000000000000124c                app_util_critical_region_enter
 .text.app_util_critical_region_exit
                0x0000000000001274       0x2c Output/Debug/Obj/TestTask/app_util_platform.o
                0x0000000000001274                app_util_critical_region_exit
 .text.privilege_level_get
                0x00000000000012a0       0x3a Output/Debug/Obj/TestTask/app_util_platform.o
                0x00000000000012a0                privilege_level_get
 .text.assert_nrf_callback
                0x00000000000012da       0x2c Output/Debug/Obj/TestTask/nrf_assert.o
                0x00000000000012da                assert_nrf_callback
 .text.nrf_atomic_u32_fetch_store
                0x0000000000001306       0x2e Output/Debug/Obj/TestTask/nrf_atomic.o
                0x0000000000001306                nrf_atomic_u32_fetch_store
 .text.nrf_atomic_u32_or
                0x0000000000001334       0x30 Output/Debug/Obj/TestTask/nrf_atomic.o
                0x0000000000001334                nrf_atomic_u32_or
 .text.nrf_atomic_u32_fetch_and
                0x0000000000001364       0x30 Output/Debug/Obj/TestTask/nrf_atomic.o
                0x0000000000001364                nrf_atomic_u32_fetch_and
 .text.nrf_atomic_u32_add
                0x0000000000001394       0x30 Output/Debug/Obj/TestTask/nrf_atomic.o
                0x0000000000001394                nrf_atomic_u32_add
 .text.nrf_atomic_u32_sub
                0x00000000000013c4       0x30 Output/Debug/Obj/TestTask/nrf_atomic.o
                0x00000000000013c4                nrf_atomic_u32_sub
 .text.nrf_atomic_flag_set
                0x00000000000013f4       0x18 Output/Debug/Obj/TestTask/nrf_atomic.o
                0x00000000000013f4                nrf_atomic_flag_set
 .text.nrf_atomic_flag_clear_fetch
                0x000000000000140c       0x18 Output/Debug/Obj/TestTask/nrf_atomic.o
                0x000000000000140c                nrf_atomic_flag_clear_fetch
 .text.nrf_balloc_idx2block
                0x0000000000001424       0x38 Output/Debug/Obj/TestTask/nrf_balloc.o
 .text.nrf_balloc_block2idx
                0x000000000000145c       0x34 Output/Debug/Obj/TestTask/nrf_balloc.o
 .text.nrf_balloc_alloc
                0x0000000000001490       0x84 Output/Debug/Obj/TestTask/nrf_balloc.o
                0x0000000000001490                nrf_balloc_alloc
 .text.nrf_balloc_free
                0x0000000000001514       0x58 Output/Debug/Obj/TestTask/nrf_balloc.o
                0x0000000000001514                nrf_balloc_free
 .text.nrf_memobj_alloc
                0x000000000000156c       0xae Output/Debug/Obj/TestTask/nrf_memobj.o
                0x000000000000156c                nrf_memobj_alloc
 .text.nrf_memobj_free
                0x000000000000161a       0x74 Output/Debug/Obj/TestTask/nrf_memobj.o
                0x000000000000161a                nrf_memobj_free
 .text.nrf_memobj_get
                0x000000000000168e       0x1e Output/Debug/Obj/TestTask/nrf_memobj.o
                0x000000000000168e                nrf_memobj_get
 .text.nrf_memobj_put
                0x00000000000016ac       0x34 Output/Debug/Obj/TestTask/nrf_memobj.o
                0x00000000000016ac                nrf_memobj_put
 .text.memobj_op
                0x00000000000016e0      0x124 Output/Debug/Obj/TestTask/nrf_memobj.o
 .text.nrf_memobj_write
                0x0000000000001804       0x3c Output/Debug/Obj/TestTask/nrf_memobj.o
                0x0000000000001804                nrf_memobj_write
 .text.nrf_strerror_get
                0x0000000000001840       0x28 Output/Debug/Obj/TestTask/nrf_strerror.o
                0x0000000000001840                nrf_strerror_get
 .text.nrf_strerror_find
                0x0000000000001868       0x68 Output/Debug/Obj/TestTask/nrf_strerror.o
                0x0000000000001868                nrf_strerror_find
 .text.nrfx_coredep_delay_us
                0x00000000000018d0       0x30 Output/Debug/Obj/TestTask/nrf_drv_twi.o
 .text.nrf_gpio_pin_port_decode
                0x0000000000001900       0x4c Output/Debug/Obj/TestTask/nrf_drv_twi.o
 .text.nrf_gpio_pin_set
                0x000000000000194c       0x28 Output/Debug/Obj/TestTask/nrf_drv_twi.o
 .text.nrf_gpio_pin_clear
                0x0000000000001974       0x28 Output/Debug/Obj/TestTask/nrf_drv_twi.o
 .text.nrf_gpio_pin_read
                0x000000000000199c       0x2a Output/Debug/Obj/TestTask/nrf_drv_twi.o
 .text.nrf_gpio_port_in_read
                0x00000000000019c6       0x10 Output/Debug/Obj/TestTask/nrf_drv_twi.o
 .text.nrf_gpio_port_out_set
                0x00000000000019d6       0x14 Output/Debug/Obj/TestTask/nrf_drv_twi.o
 .text.nrf_gpio_port_out_clear
                0x00000000000019ea       0x14 Output/Debug/Obj/TestTask/nrf_drv_twi.o
 .text.nrf_gpio_pin_present_check
                0x00000000000019fe       0x50 Output/Debug/Obj/TestTask/nrf_drv_twi.o
 .text.twi_clear_bus
                0x0000000000001a4e       0xde Output/Debug/Obj/TestTask/nrf_drv_twi.o
 .text.twim_evt_handler
                0x0000000000001b2c       0x6c Output/Debug/Obj/TestTask/nrf_drv_twi.o
 .text.nrf_drv_twi_init
                0x0000000000001b98       0x68 Output/Debug/Obj/TestTask/nrf_drv_twi.o
                0x0000000000001b98                nrf_drv_twi_init
 .text.UARTE0_UART0_IRQHandler
                0x0000000000001c00       0x24 Output/Debug/Obj/TestTask/nrfx_prs.o
                0x0000000000001c00                UARTE0_UART0_IRQHandler
 .text.prs_box_get
                0x0000000000001c24       0x20 Output/Debug/Obj/TestTask/nrfx_prs.o
 .text.nrfx_prs_acquire
                0x0000000000001c44       0x74 Output/Debug/Obj/TestTask/nrfx_prs.o
                0x0000000000001c44                nrfx_prs_acquire
 .text.__NVIC_EnableIRQ
                0x0000000000001cb8       0x34 Output/Debug/Obj/TestTask/nrfx_gpiote.o
 .text.__NVIC_SetPriority
                0x0000000000001cec       0x50 Output/Debug/Obj/TestTask/nrfx_gpiote.o
 .text.nrfx_get_irq_number
                0x0000000000001d3c       0x10 Output/Debug/Obj/TestTask/nrfx_gpiote.o
 .text._NRFX_IRQ_PRIORITY_SET
                0x0000000000001d4c       0x40 Output/Debug/Obj/TestTask/nrfx_gpiote.o
 .text._NRFX_IRQ_ENABLE
                0x0000000000001d8c       0x1c Output/Debug/Obj/TestTask/nrfx_gpiote.o
 .text.nrf_gpiote_event_is_set
                0x0000000000001da8       0x2a Output/Debug/Obj/TestTask/nrfx_gpiote.o
 .text.nrf_gpiote_event_clear
                0x0000000000001dd2       0x36 Output/Debug/Obj/TestTask/nrfx_gpiote.o
 .text.nrf_gpiote_event_addr_get
                0x0000000000001e08       0x1a Output/Debug/Obj/TestTask/nrfx_gpiote.o
 *fill*         0x0000000000001e22        0x2 
 .text.nrf_gpiote_int_enable
                0x0000000000001e24       0x18 Output/Debug/Obj/TestTask/nrfx_gpiote.o
 .text.nrf_gpiote_int_is_enabled
                0x0000000000001e3c       0x18 Output/Debug/Obj/TestTask/nrfx_gpiote.o
 .text.nrf_gpiote_event_enable
                0x0000000000001e54       0x2c Output/Debug/Obj/TestTask/nrfx_gpiote.o
 .text.nrf_gpiote_event_configure
                0x0000000000001e80       0x64 Output/Debug/Obj/TestTask/nrfx_gpiote.o
 .text.nrf_gpiote_event_pin_get
                0x0000000000001ee4       0x20 Output/Debug/Obj/TestTask/nrfx_gpiote.o
 .text.nrf_gpiote_event_polarity_get
                0x0000000000001f04       0x24 Output/Debug/Obj/TestTask/nrfx_gpiote.o
 .text.nrf_gpio_pin_port_decode
                0x0000000000001f28       0x4c Output/Debug/Obj/TestTask/nrfx_gpiote.o
 .text.nrf_gpio_cfg
                0x0000000000001f74       0x62 Output/Debug/Obj/TestTask/nrfx_gpiote.o
 .text.nrf_gpio_cfg_input
                0x0000000000001fd6       0x2a Output/Debug/Obj/TestTask/nrfx_gpiote.o
 .text.nrf_gpio_cfg_watcher
                0x0000000000002000       0x38 Output/Debug/Obj/TestTask/nrfx_gpiote.o
 .text.nrf_gpio_cfg_sense_set
                0x0000000000002038       0x5c Output/Debug/Obj/TestTask/nrfx_gpiote.o
 .text.nrf_gpio_pin_read
                0x0000000000002094       0x2a Output/Debug/Obj/TestTask/nrfx_gpiote.o
 .text.nrf_gpio_pin_sense_get
                0x00000000000020be       0x2c Output/Debug/Obj/TestTask/nrfx_gpiote.o
 .text.nrf_gpio_port_in_read
                0x00000000000020ea       0x10 Output/Debug/Obj/TestTask/nrfx_gpiote.o
 *fill*         0x00000000000020fa        0x2 
 .text.nrf_gpio_latches_read_and_clear
                0x00000000000020fc       0x68 Output/Debug/Obj/TestTask/nrfx_gpiote.o
 .text.nrf_gpio_pin_latch_clear
                0x0000000000002164       0x28 Output/Debug/Obj/TestTask/nrfx_gpiote.o
 .text.nrf_gpio_pin_present_check
                0x000000000000218c       0x50 Output/Debug/Obj/TestTask/nrfx_gpiote.o
 .text.nrf_bitmask_bit_is_set
                0x00000000000021dc       0x30 Output/Debug/Obj/TestTask/nrfx_gpiote.o
 .text.nrf_bitmask_bit_set
                0x000000000000220c       0x40 Output/Debug/Obj/TestTask/nrfx_gpiote.o
 .text.pin_in_use_by_te
                0x000000000000224c       0x3c Output/Debug/Obj/TestTask/nrfx_gpiote.o
 .text.pin_in_use_by_port
                0x0000000000002288       0x24 Output/Debug/Obj/TestTask/nrfx_gpiote.o
 .text.pin_in_use_by_gpiote
                0x00000000000022ac       0x24 Output/Debug/Obj/TestTask/nrfx_gpiote.o
 .text.pin_in_use_by_te_set
                0x00000000000022d0       0x50 Output/Debug/Obj/TestTask/nrfx_gpiote.o
 .text.pin_in_use_clear
                0x0000000000002320       0x1c Output/Debug/Obj/TestTask/nrfx_gpiote.o
 .text.pin_configured_set
                0x000000000000233c       0x1c Output/Debug/Obj/TestTask/nrfx_gpiote.o
 .text.channel_port_get
                0x0000000000002358       0x1c Output/Debug/Obj/TestTask/nrfx_gpiote.o
 .text.channel_handler_get
                0x0000000000002374       0x18 Output/Debug/Obj/TestTask/nrfx_gpiote.o
 .text.port_handler_pin_get
                0x000000000000238c       0x28 Output/Debug/Obj/TestTask/nrfx_gpiote.o
 .text.port_handler_polarity_get
                0x00000000000023b4       0x28 Output/Debug/Obj/TestTask/nrfx_gpiote.o
 .text.channel_port_alloc
                0x00000000000023dc       0x7c Output/Debug/Obj/TestTask/nrfx_gpiote.o
 .text.channel_free
                0x0000000000002458       0x38 Output/Debug/Obj/TestTask/nrfx_gpiote.o
 .text.nrfx_gpiote_init
                0x0000000000002490       0xc8 Output/Debug/Obj/TestTask/nrfx_gpiote.o
                0x0000000000002490                nrfx_gpiote_init
 .text.nrfx_gpiote_in_init
                0x0000000000002558       0xf8 Output/Debug/Obj/TestTask/nrfx_gpiote.o
                0x0000000000002558                nrfx_gpiote_in_init
 .text.nrfx_gpiote_in_event_enable
                0x0000000000002650      0x108 Output/Debug/Obj/TestTask/nrfx_gpiote.o
                0x0000000000002650                nrfx_gpiote_in_event_enable
 .text.latch_pending_read_and_check
                0x0000000000002758       0x3e Output/Debug/Obj/TestTask/nrfx_gpiote.o
 *fill*         0x0000000000002796        0x2 
 .text.port_event_handle
                0x0000000000002798       0xe4 Output/Debug/Obj/TestTask/nrfx_gpiote.o
 .text.GPIOTE_IRQHandler
                0x000000000000287c      0x108 Output/Debug/Obj/TestTask/nrfx_gpiote.o
                0x000000000000287c                GPIOTE_IRQHandler
 .text.__NVIC_EnableIRQ
                0x0000000000002984       0x34 Output/Debug/Obj/TestTask/nrfx_i2s.o
 .text.__NVIC_SetPriority
                0x00000000000029b8       0x50 Output/Debug/Obj/TestTask/nrfx_i2s.o
 .text.nrfx_is_in_ram
                0x0000000000002a08       0x1c Output/Debug/Obj/TestTask/nrfx_i2s.o
 .text.nrfx_is_word_aligned
                0x0000000000002a24       0x1a Output/Debug/Obj/TestTask/nrfx_i2s.o
 *fill*         0x0000000000002a3e        0x2 
 .text._NRFX_IRQ_PRIORITY_SET
                0x0000000000002a40       0x40 Output/Debug/Obj/TestTask/nrfx_i2s.o
 .text._NRFX_IRQ_ENABLE
                0x0000000000002a80       0x1c Output/Debug/Obj/TestTask/nrfx_i2s.o
 .text.nrf_i2s_task_trigger
                0x0000000000002a9c       0x1c Output/Debug/Obj/TestTask/nrfx_i2s.o
 .text.nrf_i2s_event_clear
                0x0000000000002ab8       0x2a Output/Debug/Obj/TestTask/nrfx_i2s.o
 .text.nrf_i2s_event_check
                0x0000000000002ae2       0x24 Output/Debug/Obj/TestTask/nrfx_i2s.o
 .text.nrf_i2s_int_enable
                0x0000000000002b06       0x14 Output/Debug/Obj/TestTask/nrfx_i2s.o
 .text.nrf_i2s_int_disable
                0x0000000000002b1a       0x14 Output/Debug/Obj/TestTask/nrfx_i2s.o
 .text.nrf_i2s_enable
                0x0000000000002b2e       0x12 Output/Debug/Obj/TestTask/nrfx_i2s.o
 .text.nrf_i2s_disable
                0x0000000000002b40       0x12 Output/Debug/Obj/TestTask/nrfx_i2s.o
 .text.nrf_i2s_pins_set
                0x0000000000002b52       0x38 Output/Debug/Obj/TestTask/nrfx_i2s.o
 .text.nrf_i2s_configure
                0x0000000000002b8a       0xcc Output/Debug/Obj/TestTask/nrfx_i2s.o
 .text.nrf_i2s_transfer_set
                0x0000000000002c56       0x5a Output/Debug/Obj/TestTask/nrfx_i2s.o
 .text.nrf_i2s_rx_buffer_set
                0x0000000000002cb0       0x14 Output/Debug/Obj/TestTask/nrfx_i2s.o
 .text.nrf_i2s_tx_buffer_set
                0x0000000000002cc4       0x14 Output/Debug/Obj/TestTask/nrfx_i2s.o
 .text.nrf_gpio_pin_port_decode
                0x0000000000002cd8       0x4c Output/Debug/Obj/TestTask/nrfx_i2s.o
 .text.nrf_gpio_cfg
                0x0000000000002d24       0x62 Output/Debug/Obj/TestTask/nrfx_i2s.o
 .text.nrf_gpio_cfg_output
                0x0000000000002d86       0x22 Output/Debug/Obj/TestTask/nrfx_i2s.o
 .text.nrf_gpio_cfg_input
                0x0000000000002da8       0x2a Output/Debug/Obj/TestTask/nrfx_i2s.o
 .text.nrf_gpio_pin_present_check
                0x0000000000002dd2       0x50 Output/Debug/Obj/TestTask/nrfx_i2s.o
 *fill*         0x0000000000002e22        0x2 
 .text.configure_pins
                0x0000000000002e24       0xbc Output/Debug/Obj/TestTask/nrfx_i2s.o
 .text.nrfx_i2s_init
                0x0000000000002ee0       0xb0 Output/Debug/Obj/TestTask/nrfx_i2s.o
                0x0000000000002ee0                nrfx_i2s_init
 .text.nrfx_i2s_start
                0x0000000000002f90      0x1e8 Output/Debug/Obj/TestTask/nrfx_i2s.o
                0x0000000000002f90                nrfx_i2s_start
 .text.nrfx_i2s_next_buffers_set
                0x0000000000003178      0x174 Output/Debug/Obj/TestTask/nrfx_i2s.o
                0x0000000000003178                nrfx_i2s_next_buffers_set
 .text.nrfx_i2s_stop
                0x00000000000032ec       0x54 Output/Debug/Obj/TestTask/nrfx_i2s.o
                0x00000000000032ec                nrfx_i2s_stop
 .text.I2S_IRQHandler
                0x0000000000003340      0x1f4 Output/Debug/Obj/TestTask/nrfx_i2s.o
                0x0000000000003340                I2S_IRQHandler
 .text.__NVIC_EnableIRQ
                0x0000000000003534       0x34 Output/Debug/Obj/TestTask/nrfx_timer.o
 .text.__NVIC_SetPriority
                0x0000000000003568       0x50 Output/Debug/Obj/TestTask/nrfx_timer.o
 .text.nrfx_get_irq_number
                0x00000000000035b8       0x10 Output/Debug/Obj/TestTask/nrfx_timer.o
 .text._NRFX_IRQ_PRIORITY_SET
                0x00000000000035c8       0x40 Output/Debug/Obj/TestTask/nrfx_timer.o
 .text._NRFX_IRQ_ENABLE
                0x0000000000003608       0x1c Output/Debug/Obj/TestTask/nrfx_timer.o
 .text.nrf_timer_task_trigger
                0x0000000000003624       0x1c Output/Debug/Obj/TestTask/nrfx_timer.o
 .text.nrf_timer_event_clear
                0x0000000000003640       0x2a Output/Debug/Obj/TestTask/nrfx_timer.o
 .text.nrf_timer_event_check
                0x000000000000366a       0x24 Output/Debug/Obj/TestTask/nrfx_timer.o
 .text.nrf_timer_shorts_enable
                0x000000000000368e       0x1c Output/Debug/Obj/TestTask/nrfx_timer.o
 .text.nrf_timer_shorts_disable
                0x00000000000036aa       0x1e Output/Debug/Obj/TestTask/nrfx_timer.o
 .text.nrf_timer_int_enable
                0x00000000000036c8       0x14 Output/Debug/Obj/TestTask/nrfx_timer.o
 .text.nrf_timer_int_disable
                0x00000000000036dc       0x14 Output/Debug/Obj/TestTask/nrfx_timer.o
 .text.nrf_timer_int_enable_check
                0x00000000000036f0       0x20 Output/Debug/Obj/TestTask/nrfx_timer.o
 .text.nrf_timer_mode_set
                0x0000000000003710       0x2a Output/Debug/Obj/TestTask/nrfx_timer.o
 .text.nrf_timer_bit_width_set
                0x000000000000373a       0x2a Output/Debug/Obj/TestTask/nrfx_timer.o
 .text.nrf_timer_frequency_set
                0x0000000000003764       0x2a Output/Debug/Obj/TestTask/nrfx_timer.o
 .text.nrf_timer_cc_write
                0x000000000000378e       0x22 Output/Debug/Obj/TestTask/nrfx_timer.o
 .text.nrf_timer_compare_event_get
                0x00000000000037b0       0x14 Output/Debug/Obj/TestTask/nrfx_timer.o
 .text.nrf_timer_compare_int_get
                0x00000000000037c4       0x14 Output/Debug/Obj/TestTask/nrfx_timer.o
 .text.nrfx_timer_init
                0x00000000000037d8      0x1f8 Output/Debug/Obj/TestTask/nrfx_timer.o
                0x00000000000037d8                nrfx_timer_init
 .text.nrfx_timer_enable
                0x00000000000039d0       0x5c Output/Debug/Obj/TestTask/nrfx_timer.o
                0x00000000000039d0                nrfx_timer_enable
 .text.nrfx_timer_compare
                0x0000000000003a2c       0x72 Output/Debug/Obj/TestTask/nrfx_timer.o
                0x0000000000003a2c                nrfx_timer_compare
 .text.nrfx_timer_extended_compare
                0x0000000000003a9e       0x5e Output/Debug/Obj/TestTask/nrfx_timer.o
                0x0000000000003a9e                nrfx_timer_extended_compare
 .text.irq_handler
                0x0000000000003afc       0x8e Output/Debug/Obj/TestTask/nrfx_timer.o
 *fill*         0x0000000000003b8a        0x2 
 .text.TIMER0_IRQHandler
                0x0000000000003b8c       0x18 Output/Debug/Obj/TestTask/nrfx_timer.o
                0x0000000000003b8c                TIMER0_IRQHandler
 .text.__NVIC_EnableIRQ
                0x0000000000003ba4       0x34 Output/Debug/Obj/TestTask/nrfx_twim.o
 .text.__NVIC_ClearPendingIRQ
                0x0000000000003bd8       0x38 Output/Debug/Obj/TestTask/nrfx_twim.o
 .text.__NVIC_SetPriority
                0x0000000000003c10       0x50 Output/Debug/Obj/TestTask/nrfx_twim.o
 .text.nrfx_is_in_ram
                0x0000000000003c60       0x1c Output/Debug/Obj/TestTask/nrfx_twim.o
 .text.nrfx_get_irq_number
                0x0000000000003c7c       0x10 Output/Debug/Obj/TestTask/nrfx_twim.o
 .text._NRFX_IRQ_PRIORITY_SET
                0x0000000000003c8c       0x40 Output/Debug/Obj/TestTask/nrfx_twim.o
 .text._NRFX_IRQ_ENABLE
                0x0000000000003ccc       0x1c Output/Debug/Obj/TestTask/nrfx_twim.o
 .text._NRFX_IRQ_PENDING_CLEAR
                0x0000000000003ce8       0x1c Output/Debug/Obj/TestTask/nrfx_twim.o
 .text.nrf_twim_task_trigger
                0x0000000000003d04       0x1c Output/Debug/Obj/TestTask/nrfx_twim.o
 .text.nrf_twim_event_clear
                0x0000000000003d20       0x2a Output/Debug/Obj/TestTask/nrfx_twim.o
 .text.nrf_twim_event_check
                0x0000000000003d4a       0x24 Output/Debug/Obj/TestTask/nrfx_twim.o
 .text.nrf_twim_int_enable
                0x0000000000003d6e       0x14 Output/Debug/Obj/TestTask/nrfx_twim.o
 .text.nrf_twim_int_disable
                0x0000000000003d82       0x14 Output/Debug/Obj/TestTask/nrfx_twim.o
 .text.nrf_twim_enable
                0x0000000000003d96       0x12 Output/Debug/Obj/TestTask/nrfx_twim.o
 .text.nrf_twim_disable
                0x0000000000003da8       0x12 Output/Debug/Obj/TestTask/nrfx_twim.o
 .text.nrf_twim_pins_set
                0x0000000000003dba       0x1e Output/Debug/Obj/TestTask/nrfx_twim.o
 .text.nrf_twim_frequency_set
                0x0000000000003dd8       0x14 Output/Debug/Obj/TestTask/nrfx_twim.o
 .text.nrf_twim_errorsrc_get_and_clear
                0x0000000000003dec       0x1c Output/Debug/Obj/TestTask/nrfx_twim.o
 .text.nrf_twim_address_set
                0x0000000000003e08       0x1a Output/Debug/Obj/TestTask/nrfx_twim.o
 .text.nrf_twim_tx_buffer_set
                0x0000000000003e22       0x1e Output/Debug/Obj/TestTask/nrfx_twim.o
 .text.nrf_twim_rx_buffer_set
                0x0000000000003e40       0x1e Output/Debug/Obj/TestTask/nrfx_twim.o
 .text.nrf_twim_shorts_set
                0x0000000000003e5e       0x14 Output/Debug/Obj/TestTask/nrfx_twim.o
 .text.nrf_twim_txd_amount_get
                0x0000000000003e72       0x10 Output/Debug/Obj/TestTask/nrfx_twim.o
 .text.nrf_twim_shorts_get
                0x0000000000003e82       0x10 Output/Debug/Obj/TestTask/nrfx_twim.o
 .text.nrf_twim_rxd_amount_get
                0x0000000000003e92       0x10 Output/Debug/Obj/TestTask/nrfx_twim.o
 .text.nrf_twim_tx_list_enable
                0x0000000000003ea2       0x12 Output/Debug/Obj/TestTask/nrfx_twim.o
 .text.nrf_twim_tx_list_disable
                0x0000000000003eb4       0x12 Output/Debug/Obj/TestTask/nrfx_twim.o
 .text.nrf_twim_rx_list_enable
                0x0000000000003ec6       0x12 Output/Debug/Obj/TestTask/nrfx_twim.o
 .text.nrf_twim_rx_list_disable
                0x0000000000003ed8       0x12 Output/Debug/Obj/TestTask/nrfx_twim.o
 *fill*         0x0000000000003eea        0x2 
 .text.nrf_gpio_pin_port_decode
                0x0000000000003eec       0x4c Output/Debug/Obj/TestTask/nrfx_twim.o
 .text.nrf_gpio_cfg
                0x0000000000003f38       0x62 Output/Debug/Obj/TestTask/nrfx_twim.o
 .text.nrf_gpio_pin_present_check
                0x0000000000003f9a       0x50 Output/Debug/Obj/TestTask/nrfx_twim.o
 .text.twi_process_error
                0x0000000000003fea       0x40 Output/Debug/Obj/TestTask/nrfx_twim.o
 *fill*         0x000000000000402a        0x2 
 .text.xfer_completeness_check
                0x000000000000402c       0xfc Output/Debug/Obj/TestTask/nrfx_twim.o
 .text.nrfx_twim_init
                0x0000000000004128      0x148 Output/Debug/Obj/TestTask/nrfx_twim.o
                0x0000000000004128                nrfx_twim_init
 .text.nrfx_twim_enable
                0x0000000000004270       0x50 Output/Debug/Obj/TestTask/nrfx_twim.o
                0x0000000000004270                nrfx_twim_enable
 .text.nrfx_twim_is_busy
                0x00000000000042c0       0x28 Output/Debug/Obj/TestTask/nrfx_twim.o
                0x00000000000042c0                nrfx_twim_is_busy
 .text.twim_list_enable_handle
                0x00000000000042e8       0x40 Output/Debug/Obj/TestTask/nrfx_twim.o
 .text.twim_xfer
                0x0000000000004328      0x440 Output/Debug/Obj/TestTask/nrfx_twim.o
 .text.nrfx_twim_xfer
                0x0000000000004768       0x9c Output/Debug/Obj/TestTask/nrfx_twim.o
                0x0000000000004768                nrfx_twim_xfer
 .text.nrfx_twim_tx
                0x0000000000004804       0x50 Output/Debug/Obj/TestTask/nrfx_twim.o
                0x0000000000004804                nrfx_twim_tx
 .text.nrfx_twim_rx
                0x0000000000004854       0x44 Output/Debug/Obj/TestTask/nrfx_twim.o
                0x0000000000004854                nrfx_twim_rx
 .text.twim_irq_handler
                0x0000000000004898      0x2a4 Output/Debug/Obj/TestTask/nrfx_twim.o
 .text.SPIM0_SPIS0_TWIM0_TWIS0_SPI0_TWI0_IRQHandler
                0x0000000000004b3c       0x18 Output/Debug/Obj/TestTask/nrfx_twim.o
                0x0000000000004b3c                SPIM0_SPIS0_TWIM0_TWIS0_SPI0_TWI0_IRQHandler
 .text.__NVIC_SystemReset
                0x0000000000004b54       0x28 Output/Debug/Obj/TestTask/system_nrf52840.o
 .text.nrf52_errata_36
                0x0000000000004b7c       0x64 Output/Debug/Obj/TestTask/system_nrf52840.o
 .text.nrf52_errata_66
                0x0000000000004be0       0x64 Output/Debug/Obj/TestTask/system_nrf52840.o
 .text.nrf52_errata_98
                0x0000000000004c44       0x64 Output/Debug/Obj/TestTask/system_nrf52840.o
 .text.nrf52_errata_103
                0x0000000000004ca8       0x64 Output/Debug/Obj/TestTask/system_nrf52840.o
 .text.nrf52_errata_115
                0x0000000000004d0c       0x64 Output/Debug/Obj/TestTask/system_nrf52840.o
 .text.nrf52_errata_120
                0x0000000000004d70       0x64 Output/Debug/Obj/TestTask/system_nrf52840.o
 .text.nrf52_errata_136
                0x0000000000004dd4       0x64 Output/Debug/Obj/TestTask/system_nrf52840.o
 .text.nrf52_errata_249
                0x0000000000004e38       0x64 Output/Debug/Obj/TestTask/system_nrf52840.o
 .text.nrf52_handle_approtect
                0x0000000000004e9c       0x20 Output/Debug/Obj/TestTask/system_nrf52840.o
 .text.nvmc_wait
                0x0000000000004ebc       0x18 Output/Debug/Obj/TestTask/system_nrf52840.o
                0x0000000000004ebc                nvmc_wait
 .text.nvmc_config
                0x0000000000004ed4       0x20 Output/Debug/Obj/TestTask/system_nrf52840.o
                0x0000000000004ed4                nvmc_config
 .text.SystemCoreClockUpdate
                0x0000000000004ef4       0x14 Output/Debug/Obj/TestTask/system_nrf52840.o
                0x0000000000004ef4                SystemCoreClockUpdate
 .text.SystemInit
                0x0000000000004f08      0x228 Output/Debug/Obj/TestTask/system_nrf52840.o
                0x0000000000004f08                SystemInit
 .text.AHT10_Tick
                0x0000000000005130       0x30 Output/Debug/Obj/TestTask/aht10.o
                0x0000000000005130                AHT10_Tick
 .text.__NVIC_GetPriorityGrouping
                0x0000000000005160       0x14 Output/Debug/Obj/TestTask/SysTick.o
 .text.__NVIC_SetPriority
                0x0000000000005174       0x50 Output/Debug/Obj/TestTask/SysTick.o
 .text.NVIC_EncodePriority
                0x00000000000051c4       0x58 Output/Debug/Obj/TestTask/SysTick.o
 .text.SysTick_Config
                0x000000000000521c       0x40 Output/Debug/Obj/TestTask/SysTick.o
 .text.SysTick_NVIC_SetPriority
                0x000000000000525c       0x38 Output/Debug/Obj/TestTask/SysTick.o
                0x000000000000525c                SysTick_NVIC_SetPriority
 .text.SysTick_SYSTICK_Config
                0x0000000000005294       0x16 Output/Debug/Obj/TestTask/SysTick.o
                0x0000000000005294                SysTick_SYSTICK_Config
 *fill*         0x00000000000052aa        0x2 
 .text.Systick_InitTick
                0x00000000000052ac       0x4c Output/Debug/Obj/TestTask/SysTick.o
                0x00000000000052ac                Systick_InitTick
 .text.SysTick_IncTick
                0x00000000000052f8       0x14 Output/Debug/Obj/TestTask/SysTick.o
                0x00000000000052f8                SysTick_IncTick
 .text.SwTimer_FreeTimer
                0x000000000000530c      0x118 Output/Debug/Obj/TestTask/SoftwareTimer.o
 .text.SwTimer_RunTimerCalback
                0x0000000000005424      0x138 Output/Debug/Obj/TestTask/SoftwareTimer.o
 .text.SwTimer_IncreaseId
                0x000000000000555c       0x28 Output/Debug/Obj/TestTask/SoftwareTimer.o
 .text.SwTimer_CalculateNewId
                0x0000000000005584       0xa0 Output/Debug/Obj/TestTask/SoftwareTimer.o
 .text.SwTimer_TickPause
                0x0000000000005624        0x4 Output/Debug/Obj/TestTask/SoftwareTimer.o
                0x0000000000005624                SwTimer_TickPause
 .text.SwTimer_TickResume
                0x0000000000005628        0x4 Output/Debug/Obj/TestTask/SoftwareTimer.o
                0x0000000000005628                SwTimer_TickResume
 .text.SwTimer_StartDelayed
                0x000000000000562c      0x164 Output/Debug/Obj/TestTask/SoftwareTimer.o
                0x000000000000562c                SwTimer_StartDelayed
 .text.SwTimer_Start
                0x0000000000005790       0x32 Output/Debug/Obj/TestTask/SoftwareTimer.o
                0x0000000000005790                SwTimer_Start
 *fill*         0x00000000000057c2        0x2 
 .text.SwTimer_Tick
                0x00000000000057c4      0x178 Output/Debug/Obj/TestTask/SoftwareTimer.o
                0x00000000000057c4                SwTimer_Tick
 .text.SwTimer_Run
                0x000000000000593c       0x80 Output/Debug/Obj/TestTask/SoftwareTimer.o
                0x000000000000593c                SwTimer_Run
 .text.BMA280_I2C_Write
                0x00000000000059bc       0x52 Output/Debug/Obj/TestTask/bma280.o
 .text.BMA280_I2C_Read
                0x0000000000005a0e       0x6e Output/Debug/Obj/TestTask/bma280.o
 .text.BMA280_Tick
                0x0000000000005a7c       0x30 Output/Debug/Obj/TestTask/bma280.o
                0x0000000000005a7c                BMA280_Tick
 .text.BMA280_Get_Ready
                0x0000000000005aac       0x28 Output/Debug/Obj/TestTask/bma280.o
                0x0000000000005aac                BMA280_Get_Ready
 .text.BMA280_Set_WorkMode
                0x0000000000005ad4       0x28 Output/Debug/Obj/TestTask/bma280.o
                0x0000000000005ad4                BMA280_Set_WorkMode
 .text.BMA280_Read_Temparature
                0x0000000000005afc       0x64 Output/Debug/Obj/TestTask/bma280.o
                0x0000000000005afc                BMA280_Read_Temparature
 .text.BMA280_Read_Orient
                0x0000000000005b60       0xb0 Output/Debug/Obj/TestTask/bma280.o
                0x0000000000005b60                BMA280_Read_Orient
 .text.BMA280_Read_Acceleration
                0x0000000000005c10       0xe4 Output/Debug/Obj/TestTask/bma280.o
                0x0000000000005c10                BMA280_Read_Acceleration
 .text.BMA280_Read_Status_Slope
                0x0000000000005cf4       0xa8 Output/Debug/Obj/TestTask/bma280.o
                0x0000000000005cf4                BMA280_Read_Status_Slope
 .text.BMA280_Read_Status_Tap
                0x0000000000005d9c       0xa6 Output/Debug/Obj/TestTask/bma280.o
                0x0000000000005d9c                BMA280_Read_Status_Tap
 *fill*         0x0000000000005e42        0x2 
 .text.BMA280_Run
                0x0000000000005e44      0x37c Output/Debug/Obj/TestTask/bma280.o
                0x0000000000005e44                BMA280_Run
 .text.LedToggle_TimerCallback
                0x00000000000061c0       0x38 Output/Debug/Obj/TestTask/main.o
                0x00000000000061c0                LedToggle_TimerCallback
 .text.main     0x00000000000061f8       0x4c Output/Debug/Obj/TestTask/main.o
                0x00000000000061f8                main
 .text.nrf_drv_twi_enable
                0x0000000000006244       0x18 Output/Debug/Obj/TestTask/if_twi0.o
 .text.nrf_drv_twi_tx
                0x000000000000625c       0x40 Output/Debug/Obj/TestTask/if_twi0.o
 .text.nrf_drv_twi_rx
                0x000000000000629c       0x38 Output/Debug/Obj/TestTask/if_twi0.o
 .text.nrf_drv_twi_is_busy
                0x00000000000062d4       0x28 Output/Debug/Obj/TestTask/if_twi0.o
 .text.TWI_Handler
                0x00000000000062fc       0x24 Output/Debug/Obj/TestTask/if_twi0.o
                0x00000000000062fc                TWI_Handler
 .text.If_TWI0_Init
                0x0000000000006320       0x40 Output/Debug/Obj/TestTask/if_twi0.o
                0x0000000000006320                If_TWI0_Init
 .text.If_TWI0_Enable
                0x0000000000006360       0x10 Output/Debug/Obj/TestTask/if_twi0.o
                0x0000000000006360                If_TWI0_Enable
 .text.If_TWI0_Send
                0x0000000000006370       0x68 Output/Debug/Obj/TestTask/if_twi0.o
                0x0000000000006370                If_TWI0_Send
 .text.If_TWI0_Receive
                0x00000000000063d8       0x64 Output/Debug/Obj/TestTask/if_twi0.o
                0x00000000000063d8                If_TWI0_Receive
 .text.nrf_timer_frequency_get
                0x000000000000643c       0x12 Output/Debug/Obj/TestTask/if_hwtimer0.o
 *fill*         0x000000000000644e        0x2 
 .text.nrf_timer_ms_to_ticks
                0x0000000000006450       0xb8 Output/Debug/Obj/TestTask/if_hwtimer0.o
 .text.nrfx_timer_ms_to_ticks
                0x0000000000006508       0x26 Output/Debug/Obj/TestTask/if_hwtimer0.o
 *fill*         0x000000000000652e        0x2 
 .text.HwTimer0_Event_Handler
                0x0000000000006530       0x44 Output/Debug/Obj/TestTask/if_hwtimer0.o
                0x0000000000006530                HwTimer0_Event_Handler
 .text.If_HwTimer0_Init
                0x0000000000006574       0x84 Output/Debug/Obj/TestTask/if_hwtimer0.o
                0x0000000000006574                If_HwTimer0_Init
 .text.If_HwTimer0_RegisterCallback
                0x00000000000065f8       0x14 Output/Debug/Obj/TestTask/if_hwtimer0.o
                0x00000000000065f8                If_HwTimer0_RegisterCallback
 .text.If_HwTimer0_Enable
                0x000000000000660c       0x10 Output/Debug/Obj/TestTask/if_hwtimer0.o
                0x000000000000660c                If_HwTimer0_Enable
 .text.Exti_interrupt_handler
                0x000000000000661c       0xc4 Output/Debug/Obj/TestTask/if_exti.o
                0x000000000000661c                Exti_interrupt_handler
 .text.If_Exti_Init
                0x00000000000066e0       0x94 Output/Debug/Obj/TestTask/if_exti.o
                0x00000000000066e0                If_Exti_Init
 .text.If_Exti_RegisterCallback
                0x0000000000006774       0x60 Output/Debug/Obj/TestTask/if_exti.o
                0x0000000000006774                If_Exti_RegisterCallback
 .text.If_Exti_Enable
                0x00000000000067d4       0x26 Output/Debug/Obj/TestTask/if_exti.o
                0x00000000000067d4                If_Exti_Enable
 *fill*         0x00000000000067fa        0x2 
 .text.nrfx_coredep_delay_us
                0x00000000000067fc       0x30 Output/Debug/Obj/TestTask/if_delay.o
 .text.If_Delay_us
                0x000000000000682c       0x14 Output/Debug/Obj/TestTask/if_delay.o
                0x000000000000682c                If_Delay_us
 .text.nrf_drv_i2s_init
                0x0000000000006840       0x28 Output/Debug/Obj/TestTask/if_i2s.o
 .text.I2S_EventHandler
                0x0000000000006868       0x80 Output/Debug/Obj/TestTask/if_i2s.o
 .text.If_I2S_Init
                0x00000000000068e8       0x90 Output/Debug/Obj/TestTask/if_i2s.o
                0x00000000000068e8                If_I2S_Init
 .text.If_I2S_Enable
                0x0000000000006978       0x78 Output/Debug/Obj/TestTask/if_i2s.o
                0x0000000000006978                If_I2S_Enable
 .text.If_I2S_Disable
                0x00000000000069f0        0xa Output/Debug/Obj/TestTask/if_i2s.o
                0x00000000000069f0                If_I2S_Disable
 *fill*         0x00000000000069fa        0x2 
 .text.If_I2S_Run
                0x00000000000069fc       0x34 Output/Debug/Obj/TestTask/if_i2s.o
                0x00000000000069fc                If_I2S_Run
 .text.AHT10_DataReceivedCallback
                0x0000000000006a30       0x20 Output/Debug/Obj/TestTask/mod_climate.o
 .text.Mod_Climate_Tick
                0x0000000000006a50       0x1c Output/Debug/Obj/TestTask/mod_climate.o
                0x0000000000006a50                Mod_Climate_Tick
 .text.HwTimer0_Callback
                0x0000000000006a6c       0x14 Output/Debug/Obj/TestTask/mod_swtimer.o
 .text.Mod_SwTimer_Init
                0x0000000000006a80       0x18 Output/Debug/Obj/TestTask/mod_swtimer.o
                0x0000000000006a80                Mod_SwTimer_Init
 .text.Mod_SwTimer_Start
                0x0000000000006a98        0xa Output/Debug/Obj/TestTask/mod_swtimer.o
                0x0000000000006a98                Mod_SwTimer_Start
 .text.Mod_SwTimer_Run
                0x0000000000006aa2        0xc Output/Debug/Obj/TestTask/mod_swtimer.o
                0x0000000000006aa2                Mod_SwTimer_Run
 *fill*         0x0000000000006aae        0x2 
 .text.Accelerometer_INT_Callback
                0x0000000000006ab0       0x10 Output/Debug/Obj/TestTask/mod_accelerometer.o
 .text.Accelerometer_DataReady_Callback
                0x0000000000006ac0       0x4c Output/Debug/Obj/TestTask/mod_accelerometer.o
 .text.Mod_Accelerometer_Init
                0x0000000000006b0c       0x28 Output/Debug/Obj/TestTask/mod_accelerometer.o
                0x0000000000006b0c                Mod_Accelerometer_Init
 .text.Mod_Accelerometer_Tick
                0x0000000000006b34       0x1c Output/Debug/Obj/TestTask/mod_accelerometer.o
                0x0000000000006b34                Mod_Accelerometer_Tick
 .text.Mod_Accelerometer_Run
                0x0000000000006b50       0xd0 Output/Debug/Obj/TestTask/mod_accelerometer.o
                0x0000000000006b50                Mod_Accelerometer_Run
 .text.I2S_BufferFillNeededCallback
                0x0000000000006c20       0xc8 Output/Debug/Obj/TestTask/mod_audio_player.o
 .text.AudioPlayer_Button2_Callback
                0x0000000000006ce8       0x30 Output/Debug/Obj/TestTask/mod_audio_player.o
 .text.AudioPlayer_Button3_Callback
                0x0000000000006d18        0xa Output/Debug/Obj/TestTask/mod_audio_player.o
 *fill*         0x0000000000006d22        0x2 
 .text.AudioPlayer_Button4_Callback
                0x0000000000006d24       0x24 Output/Debug/Obj/TestTask/mod_audio_player.o
 .text.Mod_AudioPlayer_Init
                0x0000000000006d48       0x34 Output/Debug/Obj/TestTask/mod_audio_player.o
                0x0000000000006d48                Mod_AudioPlayer_Init
 .text.Mod_AudioPlayer_Play
                0x0000000000006d7c       0x70 Output/Debug/Obj/TestTask/mod_audio_player.o
                0x0000000000006d7c                Mod_AudioPlayer_Play
 .text.Mod_AudioPlayer_Pause
                0x0000000000006dec       0x1c Output/Debug/Obj/TestTask/mod_audio_player.o
                0x0000000000006dec                Mod_AudioPlayer_Pause
 .text.Mod_AudioPlayer_Resume
                0x0000000000006e08       0x1c Output/Debug/Obj/TestTask/mod_audio_player.o
                0x0000000000006e08                Mod_AudioPlayer_Resume
 .text.Mod_AudioPlayer_Stop
                0x0000000000006e24       0x34 Output/Debug/Obj/TestTask/mod_audio_player.o
                0x0000000000006e24                Mod_AudioPlayer_Stop
 .text.Mod_AudioPlayer_Run
                0x0000000000006e58        0xa Output/Debug/Obj/TestTask/mod_audio_player.o
                0x0000000000006e58                Mod_AudioPlayer_Run
 .text.SysTick_Handler
                0x0000000000006e62       0x16 Output/Debug/Obj/TestTask/ntf52_it.o
                0x0000000000006e62                SysTick_Handler
 .text.libc.memcpy
                0x0000000000006e78       0x4c C:/Program Files/SEGGER/SEGGER Embedded Studio for ARM 6.22a/lib/libc_v7em_fpv4_sp_d16_hard_t_le_eabi_balanced.a(strasmops_arm.o)
                0x0000000000006e78                __aeabi_memcpy
                0x0000000000006e78                memcpy
                0x0000000000006e84                __aeabi_memcpy8
                0x0000000000006e84                __aeabi_memcpy4
 .text.libc.__aeabi_memclr
                0x0000000000006ec4       0x6c C:/Program Files/SEGGER/SEGGER Embedded Studio for ARM 6.22a/lib/libc_v7em_fpv4_sp_d16_hard_t_le_eabi_balanced.a(strasmops_arm.o)
                0x0000000000006ec4                __aeabi_memclr8
                0x0000000000006ec4                __aeabi_memclr
                0x0000000000006ec4                __aeabi_memclr4
                0x0000000000006ec6                __aeabi_memset4
                0x0000000000006ec6                __aeabi_memset8
                0x0000000000006ec6                __aeabi_memset
                0x0000000000006ecc                memset
 .text.__SEGGER_RTL_init_heap
                0x0000000000006f30       0x14 C:/Program Files/SEGGER/SEGGER Embedded Studio for ARM 6.22a/lib/heapops_basic_v7em_little.a(heapops_basic.o)
                0x0000000000006f30                __SEGGER_RTL_init_heap
                0x0000000000006f44                . = ALIGN (MAX ((__text_start__ + 0x4), .), 0x4)
                0x0000000000006f44                __text_end__ = (__text_start__ + SIZEOF (.text))
                0x0000000000006b78                __text_size__ = SIZEOF (.text)
                0x0000000000006f44                __text_load_end__ = __text_end__

.vfp11_veneer   0x0000000100000000        0x0
 .vfp11_veneer  0x0000000100000000        0x0 linker stubs

.v4_bx          0x0000000100000000        0x0
 .v4_bx         0x0000000100000000        0x0 linker stubs

.iplt           0x0000000100000000        0x0
 .iplt          0x0000000100000000        0x0 Output/Debug/Obj/TestTask/thumb_crt0.o
                0x0000000000000001                . = ASSERT (((__text_start__ == __text_end__) || ((__text_end__ - __FLASH1_segment_start__) <= __FLASH1_segment_size__)), error: .text is too large to fit in FLASH1 memory segment)
                0x0000000000006f44                __log_const_data_load_start__ = ALIGN (__text_end__, 0x4)

.log_const_data
                0x0000000000006f44       0x40
                0x0000000000006f44                __log_const_data_start__ = .
                0x0000000000006f44                __start_log_const_data = __log_const_data_start__
 *(SORT_BY_NAME(.log_const_data*))
 .log_const_data_GPIOTE
                0x0000000000006f44        0x8 Output/Debug/Obj/TestTask/nrfx_gpiote.o
                0x0000000000006f44                m_nrf_log_GPIOTE_logs_data_const
 .log_const_data_I2S
                0x0000000000006f4c        0x8 Output/Debug/Obj/TestTask/nrfx_i2s.o
                0x0000000000006f4c                m_nrf_log_I2S_logs_data_const
 .log_const_data_PRS
                0x0000000000006f54        0x8 Output/Debug/Obj/TestTask/nrfx_prs.o
                0x0000000000006f54                m_nrf_log_PRS_logs_data_const
 .log_const_data_TIMER
                0x0000000000006f5c        0x8 Output/Debug/Obj/TestTask/nrfx_timer.o
                0x0000000000006f5c                m_nrf_log_TIMER_logs_data_const
 .log_const_data_TWIM
                0x0000000000006f64        0x8 Output/Debug/Obj/TestTask/nrfx_twim.o
                0x0000000000006f64                m_nrf_log_TWIM_logs_data_const
 .log_const_data_UART
                0x0000000000006f6c        0x8 Output/Debug/Obj/TestTask/nrfx_uart.o
                0x0000000000006f6c                m_nrf_log_UART_logs_data_const
 .log_const_data_UARTE
                0x0000000000006f74        0x8 Output/Debug/Obj/TestTask/nrfx_uarte.o
                0x0000000000006f74                m_nrf_log_UARTE_logs_data_const
 .log_const_data_app
                0x0000000000006f7c        0x8 Output/Debug/Obj/TestTask/nrf_log_frontend.o
                0x0000000000006f7c                m_nrf_log_app_logs_data_const
                0x0000000000006f84                __log_const_data_end__ = (__log_const_data_start__ + SIZEOF (.log_const_data))
                0x0000000000000040                __log_const_data_size__ = SIZEOF (.log_const_data)
                0x0000000000006f84                __stop_log_const_data = __log_const_data_end__
                0x0000000000006f84                __log_const_data_load_end__ = __log_const_data_end__
                0x0000000000000001                . = ASSERT (((__log_const_data_start__ == __log_const_data_end__) || ((__log_const_data_end__ - __FLASH1_segment_start__) <= __FLASH1_segment_size__)), error: .log_const_data is too large to fit in FLASH1 memory segment)
                0x0000000000006f84                __log_backends_load_start__ = ALIGN (__log_const_data_end__, 0x4)

.log_backends   0x0000000000006f84        0x0
                0x0000000000006f84                __log_backends_start__ = .
                0x0000000000006f84                __start_log_backends = __log_backends_start__
 *(SORT_BY_NAME(.log_backends*))
                0x0000000000006f84                __log_backends_end__ = (__log_backends_start__ + SIZEOF (.log_backends))
                0x0000000000000000                __log_backends_size__ = SIZEOF (.log_backends)
                0x0000000000006f84                __stop_log_backends = __log_backends_end__
                0x0000000000006f84                __log_backends_load_end__ = __log_backends_end__
                0x0000000000000001                . = ASSERT (((__log_backends_start__ == __log_backends_end__) || ((__log_backends_end__ - __FLASH1_segment_start__) <= __FLASH1_segment_size__)), error: .log_backends is too large to fit in FLASH1 memory segment)
                0x0000000000006f84                __nrf_balloc_load_start__ = ALIGN (__log_backends_end__, 0x4)

.nrf_balloc     0x0000000000006f84       0x14
                0x0000000000006f84                __nrf_balloc_start__ = .
                0x0000000000006f84                __start_nrf_balloc = __nrf_balloc_start__
 *(.nrf_balloc*)
 .nrf_balloc    0x0000000000006f84       0x14 Output/Debug/Obj/TestTask/nrf_log_frontend.o
                0x0000000000006f84                log_mempool
                0x0000000000006f98                __nrf_balloc_end__ = (__nrf_balloc_start__ + SIZEOF (.nrf_balloc))
                0x0000000000000014                __nrf_balloc_size__ = SIZEOF (.nrf_balloc)
                0x0000000000006f98                __stop_nrf_balloc = __nrf_balloc_end__
                0x0000000000006f98                __nrf_balloc_load_end__ = __nrf_balloc_end__
                0x0000000000000001                . = ASSERT (((__nrf_balloc_start__ == __nrf_balloc_end__) || ((__nrf_balloc_end__ - __FLASH1_segment_start__) <= __FLASH1_segment_size__)), error: .nrf_balloc is too large to fit in FLASH1 memory segment)
                0x0000000000006f98                __nrf_sections_load_start__ = ALIGN (__nrf_balloc_end__, 0x4)

.nrf_sections   0x0000000000006f98        0x0
                0x0000000000006f98                __nrf_sections_start__ = .
                0x0000000000006f98                __start_nrf_sections = __nrf_sections_start__
 *(.nrf_sections .nrf_sections.*)
                0x0000000000006f98                __nrf_sections_end__ = (__nrf_sections_start__ + SIZEOF (.nrf_sections))
                0x0000000000000000                __nrf_sections_size__ = SIZEOF (.nrf_sections)
                0x0000000000006f98                __nrf_sections_load_end__ = __nrf_sections_end__
                0x0000000000000001                . = ASSERT (((__nrf_sections_start__ == __nrf_sections_end__) || ((__nrf_sections_end__ - __FLASH1_segment_start__) <= __FLASH1_segment_size__)), error: .nrf_sections is too large to fit in FLASH1 memory segment)
                0x0000000000006f98                __log_dynamic_data_load_start__ = ALIGN (__nrf_sections_end__, 0x4)

.log_dynamic_data
                0x0000000020000000        0x0 load address 0x0000000000006f98
                0x0000000020000000                __log_dynamic_data_start__ = .
 *(SORT_BY_NAME(.log_dynamic_data*))
                0x0000000020000000                __log_dynamic_data_end__ = (__log_dynamic_data_start__ + SIZEOF (.log_dynamic_data))
                0x0000000000000000                __log_dynamic_data_size__ = SIZEOF (.log_dynamic_data)
                0x0000000000006f98                __log_dynamic_data_load_end__ = (__log_dynamic_data_load_start__ + SIZEOF (.log_dynamic_data))
                0x0000000000000001                . = ASSERT (((__log_dynamic_data_load_start__ == __log_dynamic_data_load_end__) || ((__log_dynamic_data_load_end__ - __FLASH1_segment_start__) <= __FLASH1_segment_size__)), error: .log_dynamic_data is too large to fit in FLASH1 memory segment)

.log_dynamic_data_run
                0x0000000020000000        0x0
                0x0000000020000000                __log_dynamic_data_run_start__ = .
                0x0000000020000000                __start_log_dynamic_data = __log_dynamic_data_run_start__
                0x0000000020000000                __log_dynamic_data_run_end__ = (__log_dynamic_data_run_start__ + SIZEOF (.log_dynamic_data))
                0x0000000000000000                __log_dynamic_data_run_size__ = (__log_dynamic_data_run_end__ - __log_dynamic_data_run_start__)
                0x0000000020000000                __stop_log_dynamic_data = __log_dynamic_data_run_end__
                0x0000000020000000                __log_dynamic_data_run_load_end__ = __log_dynamic_data_run_end__
                0x0000000000000001                . = ASSERT (((__log_dynamic_data_run_start__ == __log_dynamic_data_run_end__) || ((__log_dynamic_data_run_end__ - __RAM1_segment_start__) <= __RAM1_segment_size__)), error: .log_dynamic_data_run is too large to fit in RAM1 memory segment)
                0x0000000000006f98                __log_filter_data_load_start__ = ALIGN ((__log_dynamic_data_load_start__ + SIZEOF (.log_dynamic_data)), 0x4)

.log_filter_data
                0x0000000020000000        0x0 load address 0x0000000000006f98
                0x0000000020000000                __log_filter_data_start__ = .
 *(SORT_BY_NAME(.log_filter_data*))
                0x0000000020000000                __log_filter_data_end__ = (__log_filter_data_start__ + SIZEOF (.log_filter_data))
                0x0000000000000000                __log_filter_data_size__ = SIZEOF (.log_filter_data)
                0x0000000000006f98                __log_filter_data_load_end__ = (__log_filter_data_load_start__ + SIZEOF (.log_filter_data))
                0x0000000000000001                . = ASSERT (((__log_filter_data_load_start__ == __log_filter_data_load_end__) || ((__log_filter_data_load_end__ - __FLASH1_segment_start__) <= __FLASH1_segment_size__)), error: .log_filter_data is too large to fit in FLASH1 memory segment)

.log_filter_data_run
                0x0000000020000000        0x0
                0x0000000020000000                __log_filter_data_run_start__ = .
                0x0000000020000000                __start_log_filter_data = __log_filter_data_run_start__
                0x0000000020000000                __log_filter_data_run_end__ = (__log_filter_data_run_start__ + SIZEOF (.log_filter_data))
                0x0000000000000000                __log_filter_data_run_size__ = (__log_filter_data_run_end__ - __log_filter_data_run_start__)
                0x0000000020000000                __stop_log_filter_data = __log_filter_data_run_end__
                0x0000000020000000                __log_filter_data_run_load_end__ = __log_filter_data_run_end__
                0x0000000000000001                . = ASSERT (((__log_filter_data_run_start__ == __log_filter_data_run_end__) || ((__log_filter_data_run_end__ - __RAM1_segment_start__) <= __RAM1_segment_size__)), error: .log_filter_data_run is too large to fit in RAM1 memory segment)
                0x0000000020000000                __nrf_sections_run_end_load_start__ = ALIGN (__log_filter_data_run_end__, 0x4)

.nrf_sections_run_end
                0x0000000020000000        0x0
                0x0000000020000000                __nrf_sections_run_end_start__ = .
                0x0000000020000000                __end_nrf_sections_run = __nrf_sections_run_end_start__
 *(.nrf_sections_run_end .nrf_sections_run_end.*)
                0x0000000020000000                __nrf_sections_run_end_end__ = (__nrf_sections_run_end_start__ + SIZEOF (.nrf_sections_run_end))
                0x0000000000000000                __nrf_sections_run_end_size__ = SIZEOF (.nrf_sections_run_end)
                0x0000000020000000                __nrf_sections_run_end_load_end__ = __nrf_sections_run_end_end__
                0x0000000000000001                . = ASSERT (((__nrf_sections_run_end_start__ == __nrf_sections_run_end_end__) || ((__nrf_sections_run_end_end__ - __RAM1_segment_start__) <= __RAM1_segment_size__)), error: .nrf_sections_run_end is too large to fit in RAM1 memory segment)
                0x0000000000006f98                __dtors_load_start__ = ALIGN ((__log_filter_data_load_start__ + SIZEOF (.log_filter_data)), 0x4)

.dtors          0x0000000000006f98        0x0
                0x0000000000006f98                __dtors_start__ = .
 *(SORT_BY_NAME(.dtors.*))
 *(.dtors)
 *(.fini_array)
 *(SORT_BY_NAME(.fini_array.*))
                0x0000000000006f98                __dtors_end__ = (__dtors_start__ + SIZEOF (.dtors))
                0x0000000000000000                __dtors_size__ = SIZEOF (.dtors)
                0x0000000000006f98                __dtors_load_end__ = __dtors_end__
                0x0000000000000001                . = ASSERT (((__dtors_start__ == __dtors_end__) || ((__dtors_end__ - __FLASH1_segment_start__) <= __FLASH1_segment_size__)), error: .dtors is too large to fit in FLASH1 memory segment)
                0x0000000000006f98                __ctors_load_start__ = ALIGN (__dtors_end__, 0x4)

.ctors          0x0000000000006f98        0x0
                0x0000000000006f98                __ctors_start__ = .
 *(SORT_BY_NAME(.ctors.*))
 *(.ctors)
 *(.init_array)
 *(SORT_BY_NAME(.init_array.*))
                0x0000000000006f98                __ctors_end__ = (__ctors_start__ + SIZEOF (.ctors))
                0x0000000000000000                __ctors_size__ = SIZEOF (.ctors)
                0x0000000000006f98                __ctors_load_end__ = __ctors_end__
                0x0000000000000001                . = ASSERT (((__ctors_start__ == __ctors_end__) || ((__ctors_end__ - __FLASH1_segment_start__) <= __FLASH1_segment_size__)), error: .ctors is too large to fit in FLASH1 memory segment)
                0x0000000000006f98                __rodata_load_start__ = ALIGN (__ctors_end__, 0x4)

.rodata         0x0000000000006f98    0xcc680
                0x0000000000006f98                __rodata_start__ = .
 *(.rodata .rodata.* .gnu.linkonce.r.*)
 .rodata        0x0000000000006f98       0x6d Output/Debug/Obj/TestTask/nrf_log_frontend.o
 *fill*         0x0000000000007005        0x3 
 .rodata        0x0000000000007008       0x70 Output/Debug/Obj/TestTask/boards.o
 .rodata.m_board_led_list
                0x0000000000007078        0x4 Output/Debug/Obj/TestTask/boards.o
 .rodata.m_board_btn_list
                0x000000000000707c        0x4 Output/Debug/Obj/TestTask/boards.o
 .rodata        0x0000000000007080       0x70 Output/Debug/Obj/TestTask/app_error_weak.o
 .rodata        0x00000000000070f0       0x53 Output/Debug/Obj/TestTask/app_util_platform.o
 *fill*         0x0000000000007143        0x1 
 .rodata        0x0000000000007144       0x4e Output/Debug/Obj/TestTask/nrf_balloc.o
 *fill*         0x0000000000007192        0x2 
 .rodata        0x0000000000007194       0x4e Output/Debug/Obj/TestTask/nrf_memobj.o
 *fill*         0x00000000000071e2        0x2 
 .rodata.m_unknown_str
                0x00000000000071e4       0x13 Output/Debug/Obj/TestTask/nrf_strerror.o
 *fill*         0x00000000000071f7        0x1 
 .rodata        0x00000000000071f8      0x3bd Output/Debug/Obj/TestTask/nrf_strerror.o
 *fill*         0x00000000000075b5        0x3 
 .rodata.nrf_strerror_array
                0x00000000000075b8      0x118 Output/Debug/Obj/TestTask/nrf_strerror.o
 .rodata        0x00000000000076d0       0x2e Output/Debug/Obj/TestTask/nrf_drv_twi.o
 *fill*         0x00000000000076fe        0x2 
 .rodata.delay_machine_code.0
                0x0000000000007700        0x6 Output/Debug/Obj/TestTask/nrf_drv_twi.o
 *fill*         0x0000000000007706        0x2 
 .rodata        0x0000000000007708       0x51 Output/Debug/Obj/TestTask/nrfx_prs.o
 *fill*         0x0000000000007759        0x3 
 .rodata        0x000000000000775c       0xbc Output/Debug/Obj/TestTask/nrfx_gpiote.o
 .rodata        0x0000000000007818       0xad Output/Debug/Obj/TestTask/nrfx_i2s.o
 *fill*         0x00000000000078c5        0x3 
 .rodata        0x00000000000078c8       0x83 Output/Debug/Obj/TestTask/nrfx_timer.o
 *fill*         0x000000000000794b        0x1 
 .rodata        0x000000000000794c       0xb2 Output/Debug/Obj/TestTask/nrfx_twim.o
 *fill*         0x00000000000079fe        0x2 
 .rodata.irq_handlers.0
                0x0000000000007a00        0x4 Output/Debug/Obj/TestTask/nrfx_twim.o
 .rodata        0x0000000000007a04       0xb2 Output/Debug/Obj/TestTask/nrfx_uart.o
 *fill*         0x0000000000007ab6        0x2 
 .rodata        0x0000000000007ab8       0xb3 Output/Debug/Obj/TestTask/nrfx_uarte.o
 *fill*         0x0000000000007b6b        0x1 
 .rodata.data_range_values
                0x0000000000007b6c       0x20 Output/Debug/Obj/TestTask/bma280.o
                0x0000000000007b6c                data_range_values
 .rodata.filter_bandwidth_values
                0x0000000000007b8c       0x40 Output/Debug/Obj/TestTask/bma280.o
                0x0000000000007b8c                filter_bandwidth_values
 .rodata.power_mode_values
                0x0000000000007bcc        0x4 Output/Debug/Obj/TestTask/bma280.o
                0x0000000000007bcc                power_mode_values
 .rodata.sleep_duraction_values
                0x0000000000007bd0        0xb Output/Debug/Obj/TestTask/bma280.o
                0x0000000000007bd0                sleep_duraction_values
 *fill*         0x0000000000007bdb        0x1 
 .rodata.twi    0x0000000000007bdc       0x10 Output/Debug/Obj/TestTask/if_twi0.o
 .rodata.twi_config
                0x0000000000007bec       0x10 Output/Debug/Obj/TestTask/if_twi0.o
 .rodata        0x0000000000007bfc       0x5c Output/Debug/Obj/TestTask/if_twi0.o
 .rodata        0x0000000000007c58       0x98 Output/Debug/Obj/TestTask/if_hwtimer0.o
 .rodata.timer  0x0000000000007cf0        0x8 Output/Debug/Obj/TestTask/if_hwtimer0.o
 .rodata        0x0000000000007cf8       0x5f Output/Debug/Obj/TestTask/if_exti.o
 *fill*         0x0000000000007d57        0x9 
 .rodata.delay_machine_code.0
                0x0000000000007d60        0x6 Output/Debug/Obj/TestTask/if_delay.o
 *fill*         0x0000000000007d66        0x2 
 .rodata.if_i2s_initial_buffers
                0x0000000000007d68        0x8 Output/Debug/Obj/TestTask/if_i2s.o
 .rodata.if_i2s_next_buffers
                0x0000000000007d70        0x8 Output/Debug/Obj/TestTask/if_i2s.o
 .rodata        0x0000000000007d78       0x5b Output/Debug/Obj/TestTask/if_i2s.o
 *fill*         0x0000000000007dd3        0x1 
 .rodata.default_config.0
                0x0000000000007dd4       0x14 Output/Debug/Obj/TestTask/if_i2s.o
 .rodata.ath10_cfg
                0x0000000000007de8       0x10 Output/Debug/Obj/TestTask/mod_climate.o
 .rodata.bma280_cfg
                0x0000000000007df8       0x20 Output/Debug/Obj/TestTask/mod_accelerometer.o
 .rodata.Melody_U
                0x0000000000007e18    0x74000 Output/Debug/Obj/TestTask/mod_audio_tracks.o
                0x0000000000007e18                Melody_U
 .rodata.Melody_Bergen
                0x000000000007be18    0x57800 Output/Debug/Obj/TestTask/mod_audio_tracks.o
                0x000000000007be18                Melody_Bergen
                0x00000000000d3618                . = ALIGN (MAX ((__rodata_start__ + 0x4), .), 0x4)
                0x00000000000d3618                __rodata_end__ = (__rodata_start__ + SIZEOF (.rodata))
                0x00000000000cc680                __rodata_size__ = SIZEOF (.rodata)
                0x00000000000d3618                __rodata_load_end__ = __rodata_end__

.rel.dyn        0x00000000000d3618        0x0
 .rel.iplt      0x00000000000d3618        0x0 Output/Debug/Obj/TestTask/thumb_crt0.o
                0x0000000000000001                . = ASSERT (((__rodata_start__ == __rodata_end__) || ((__rodata_end__ - __FLASH1_segment_start__) <= __FLASH1_segment_size__)), error: .rodata is too large to fit in FLASH1 memory segment)
                0x00000000000d3618                __ARM.exidx_load_start__ = ALIGN (__rodata_end__, 0x4)

.ARM.exidx      0x00000000000d3618        0x0
                0x00000000000d3618                __ARM.exidx_start__ = .
                0x00000000000d3618                __exidx_start = __ARM.exidx_start__
 *(.ARM.exidx .ARM.exidx.*)
                0x00000000000d3618                __ARM.exidx_end__ = (__ARM.exidx_start__ + SIZEOF (.ARM.exidx))
                0x0000000000000000                __ARM.exidx_size__ = SIZEOF (.ARM.exidx)
                0x00000000000d3618                __exidx_end = __ARM.exidx_end__
                0x00000000000d3618                __ARM.exidx_load_end__ = __ARM.exidx_end__
                0x0000000000000001                . = ASSERT (((__ARM.exidx_start__ == __ARM.exidx_end__) || ((__ARM.exidx_end__ - __FLASH1_segment_start__) <= __FLASH1_segment_size__)), error: .ARM.exidx is too large to fit in FLASH1 memory segment)
                0x00000000000d3618                __fast_load_start__ = ALIGN (__ARM.exidx_end__, 0x4)

.fast           0x0000000020000000        0x0 load address 0x00000000000d3618
                0x0000000020000000                __fast_start__ = .
 *(.fast .fast.*)
                0x0000000020000000                __fast_end__ = (__fast_start__ + SIZEOF (.fast))
                0x0000000000000000                __fast_size__ = SIZEOF (.fast)
                0x00000000000d3618                __fast_load_end__ = (__fast_load_start__ + SIZEOF (.fast))
                0x0000000000000001                . = ASSERT (((__fast_load_start__ == __fast_load_end__) || ((__fast_load_end__ - __FLASH1_segment_start__) <= __FLASH1_segment_size__)), error: .fast is too large to fit in FLASH1 memory segment)

.fast_run       0x0000000020000000        0x0
                0x0000000020000000                __fast_run_start__ = .
                0x0000000020000000                __fast_run_end__ = (__fast_run_start__ + SIZEOF (.fast))
                0x0000000000000000                __fast_run_size__ = (__fast_run_end__ - __fast_run_start__)
                0x0000000020000000                __fast_run_load_end__ = __fast_run_end__
                0x0000000000000001                . = ASSERT (((__fast_run_start__ == __fast_run_end__) || ((__fast_run_end__ - __RAM1_segment_start__) <= __RAM1_segment_size__)), error: .fast_run is too large to fit in RAM1 memory segment)
                0x00000000000d3618                __data_load_start__ = ALIGN ((__fast_load_start__ + SIZEOF (.fast)), 0x4)

.data           0x0000000020000000        0xd load address 0x00000000000d3618
                0x0000000020000000                __data_start__ = .
 *(.data .data.* .gnu.linkonce.d.*)
 .data.m_buffer_mask
                0x0000000020000000        0x4 Output/Debug/Obj/TestTask/nrf_log_frontend.o
 .data.SystemCoreClock
                0x0000000020000004        0x4 Output/Debug/Obj/TestTask/system_nrf52840.o
                0x0000000020000004                SystemCoreClock
 .data.time_period_ms
                0x0000000020000008        0x4 Output/Debug/Obj/TestTask/if_hwtimer0.o
 .data.if_i2s_first_update
                0x000000002000000c        0x1 Output/Debug/Obj/TestTask/if_i2s.o
                0x000000002000000d                __data_end__ = (__data_start__ + SIZEOF (.data))
                0x000000000000000d                __data_size__ = SIZEOF (.data)
                0x00000000000d3625                __data_load_end__ = (__data_load_start__ + SIZEOF (.data))

.igot.plt       0x0000000100000000        0x0
 .igot.plt      0x0000000100000000        0x0 Output/Debug/Obj/TestTask/thumb_crt0.o
                0x0000000000000001                . = ASSERT (((__data_load_start__ == __data_load_end__) || ((__data_load_end__ - __FLASH1_segment_start__) <= __FLASH1_segment_size__)), error: .data is too large to fit in FLASH1 memory segment)

.data_run       0x0000000020000000        0x0
                0x0000000020000000                __data_run_start__ = .
                0x000000002000000d                __data_run_end__ = (__data_run_start__ + SIZEOF (.data))
                0x000000000000000d                __data_run_size__ = (__data_run_end__ - __data_run_start__)
                0x000000002000000d                __data_run_load_end__ = __data_run_end__
                0x0000000000000001                . = ASSERT (((__data_run_start__ == __data_run_end__) || ((__data_run_end__ - __RAM1_segment_start__) <= __RAM1_segment_size__)), error: .data_run is too large to fit in RAM1 memory segment)
                0x00000000000d3628                __tdata_load_start__ = ALIGN ((__data_load_start__ + SIZEOF (.data)), 0x4)

.tdata          0x0000000020000010        0x0 load address 0x00000000000d3628
                0x0000000020000010                __tdata_start__ = .
 *(.tdata .tdata.*)
                0x0000000020000010                __tdata_end__ = (__tdata_start__ + SIZEOF (.tdata))
                0x0000000000000000                __tdata_size__ = SIZEOF (.tdata)
                0x00000000000d3628                __tdata_load_end__ = (__tdata_load_start__ + SIZEOF (.tdata))
                0x00000000000d3628                __FLASH1_segment_used_end__ = (ALIGN ((__data_load_start__ + SIZEOF (.data)), 0x4) + SIZEOF (.tdata))
                0x00000000000d3628                __FLASH1_segment_used_size__ = (__FLASH1_segment_used_end__ - __FLASH1_segment_start__)
                0x0000000000000001                . = ASSERT (((__tdata_load_start__ == __tdata_load_end__) || ((__tdata_load_end__ - __FLASH1_segment_start__) <= __FLASH1_segment_size__)), error: .tdata is too large to fit in FLASH1 memory segment)

.tdata_run      0x0000000020000010        0x0
                0x0000000020000010                __tdata_run_start__ = .
                0x0000000020000010                __tdata_run_end__ = (__tdata_run_start__ + SIZEOF (.tdata))
                0x0000000000000000                __tdata_run_size__ = (__tdata_run_end__ - __tdata_run_start__)
                0x0000000020000010                __tdata_run_load_end__ = __tdata_run_end__
                0x0000000000000001                . = ASSERT (((__tdata_run_start__ == __tdata_run_end__) || ((__tdata_run_end__ - __RAM1_segment_start__) <= __RAM1_segment_size__)), error: .tdata_run is too large to fit in RAM1 memory segment)
                0x0000000020000010                __bss_load_start__ = ALIGN (__tdata_run_end__, 0x4)

.bss            0x0000000020000010     0x29d4
                0x0000000020000010                __bss_start__ = .
 *(.bss .bss.* .gnu.linkonce.b.*)
 .bss.log_mempool_nrf_balloc_pool_stack
                0x0000000020000010        0x8 Output/Debug/Obj/TestTask/nrf_log_frontend.o
 .bss.log_mempool_nrf_balloc_pool_mem
                0x0000000020000018       0xc0 Output/Debug/Obj/TestTask/nrf_log_frontend.o
 .bss.log_mempool_nrf_balloc_cb
                0x00000000200000d8        0x8 Output/Debug/Obj/TestTask/nrf_log_frontend.o
 .bss.m_log_data
                0x00000000200000e0      0x420 Output/Debug/Obj/TestTask/nrf_log_frontend.o
 .bss.m_error_data.0
                0x0000000020000500       0x20 Output/Debug/Obj/TestTask/app_error.o
 .bss.m_in_critical_region
                0x0000000020000520        0x4 Output/Debug/Obj/TestTask/app_util_platform.o
 .bss.m_handlers
                0x0000000020000524        0x8 Output/Debug/Obj/TestTask/nrf_drv_twi.o
 .bss.m_contexts
                0x000000002000052c        0x8 Output/Debug/Obj/TestTask/nrf_drv_twi.o
 .bss.m_prs_box_4
                0x0000000020000534        0x8 Output/Debug/Obj/TestTask/nrfx_prs.o
 .bss.m_cb      0x000000002000053c       0x5c Output/Debug/Obj/TestTask/nrfx_gpiote.o
 .bss.m_cb      0x0000000020000598       0x18 Output/Debug/Obj/TestTask/nrfx_i2s.o
 .bss.m_cb      0x00000000200005b0        0xc Output/Debug/Obj/TestTask/nrfx_timer.o
 .bss.m_cb      0x00000000200005bc       0x34 Output/Debug/Obj/TestTask/nrfx_twim.o
 .bss.sysTick   0x00000000200005f0        0x4 Output/Debug/Obj/TestTask/SysTick.o
                0x00000000200005f0                sysTick
 .bss._idCounter
                0x00000000200005f4        0x4 Output/Debug/Obj/TestTask/SoftwareTimer.o
 .bss._swTimer  0x00000000200005f8      0x384 Output/Debug/Obj/TestTask/SoftwareTimer.o
 .bss.i.0       0x000000002000097c        0x1 Output/Debug/Obj/TestTask/main.o
 .bss.is_transfer_completed
                0x000000002000097d        0x1 Output/Debug/Obj/TestTask/if_twi0.o
 *fill*         0x000000002000097e        0x2 
 .bss.timer_callback
                0x0000000020000980        0x4 Output/Debug/Obj/TestTask/if_hwtimer0.o
 .bss.exti_callback_1
                0x0000000020000984        0x4 Output/Debug/Obj/TestTask/if_exti.o
 .bss.exti_callback_2
                0x0000000020000988        0x4 Output/Debug/Obj/TestTask/if_exti.o
 .bss.exti_callback_3
                0x000000002000098c        0x4 Output/Debug/Obj/TestTask/if_exti.o
 .bss.exti_callback_4
                0x0000000020000990        0x4 Output/Debug/Obj/TestTask/if_exti.o
 .bss.if_i2s_buffer_tx
                0x0000000020000994     0x2000 Output/Debug/Obj/TestTask/if_i2s.o
 .bss.i2s_buffer_to_fill
                0x0000000020002994        0x4 Output/Debug/Obj/TestTask/if_i2s.o
 .bss.i2s_callback
                0x0000000020002998        0x4 Output/Debug/Obj/TestTask/if_i2s.o
 .bss.cl_data   0x000000002000299c        0x8 Output/Debug/Obj/TestTask/mod_climate.o
 .bss.ath10_entity
                0x00000000200029a4       0x10 Output/Debug/Obj/TestTask/mod_climate.o
 .bss.bma280_entity
                0x00000000200029b4       0x10 Output/Debug/Obj/TestTask/mod_accelerometer.o
 .bss.interrupt_triggered
                0x00000000200029c4        0x1 Output/Debug/Obj/TestTask/mod_accelerometer.o
 *fill*         0x00000000200029c5        0x3 
 .bss.AccelerometerData
                0x00000000200029c8        0x6 Output/Debug/Obj/TestTask/mod_accelerometer.o
                0x00000000200029c8                AccelerometerData
 *fill*         0x00000000200029ce        0x2 
 .bss.track_data
                0x00000000200029d0        0x4 Output/Debug/Obj/TestTask/mod_audio_player.o
 .bss.track_data_length
                0x00000000200029d4        0x4 Output/Debug/Obj/TestTask/mod_audio_player.o
 .bss.track_index_counter
                0x00000000200029d8        0x4 Output/Debug/Obj/TestTask/mod_audio_player.o
 .bss.player_status
                0x00000000200029dc        0x1 Output/Debug/Obj/TestTask/mod_audio_player.o
 .bss.pause_requested
                0x00000000200029dd        0x1 Output/Debug/Obj/TestTask/mod_audio_player.o
 .bss.current_track.0
                0x00000000200029de        0x1 Output/Debug/Obj/TestTask/mod_audio_player.o
 *fill*         0x00000000200029df        0x1 
 .bss.__SEGGER_RTL_heap_globals
                0x00000000200029e0        0x4 C:/Program Files/SEGGER/SEGGER Embedded Studio for ARM 6.22a/lib/heapops_basic_v7em_little.a(heapops_basic.o)
 *(COMMON)
                0x00000000200029e4                __bss_end__ = (__bss_start__ + SIZEOF (.bss))
                0x00000000000029d4                __bss_size__ = SIZEOF (.bss)
                0x00000000200029e4                __bss_load_end__ = __bss_end__
                0x0000000000000001                . = ASSERT (((__bss_start__ == __bss_end__) || ((__bss_end__ - __RAM1_segment_start__) <= __RAM1_segment_size__)), error: .bss is too large to fit in RAM1 memory segment)
                0x00000000200029e4                __tbss_load_start__ = ALIGN (__bss_end__, 0x4)

.tbss           0x00000000200029e4        0x0
                0x00000000200029e4                __tbss_start__ = .
 *(.tbss .tbss.*)
                0x00000000200029e4                __tbss_end__ = (__tbss_start__ + SIZEOF (.tbss))
                0x0000000000000000                __tbss_size__ = SIZEOF (.tbss)
                0x00000000200029e4                __tbss_load_end__ = __tbss_end__
                0x0000000000000001                . = ASSERT (((__tbss_start__ == __tbss_end__) || ((__tbss_end__ - __RAM1_segment_start__) <= __RAM1_segment_size__)), error: .tbss is too large to fit in RAM1 memory segment)
                0x00000000200029e4                __non_init_load_start__ = ALIGN (__tbss_end__, 0x4)

.non_init       0x00000000200029e4        0x0
                0x00000000200029e4                __non_init_start__ = .
 *(.non_init .non_init.*)
                0x00000000200029e4                __non_init_end__ = (__non_init_start__ + SIZEOF (.non_init))
                0x0000000000000000                __non_init_size__ = SIZEOF (.non_init)
                0x00000000200029e4                __non_init_load_end__ = __non_init_end__
                0x0000000000000001                . = ASSERT (((__non_init_start__ == __non_init_end__) || ((__non_init_end__ - __RAM1_segment_start__) <= __RAM1_segment_size__)), error: .non_init is too large to fit in RAM1 memory segment)
                0x00000000200029e4                __heap_load_start__ = ALIGN (__non_init_end__, 0x4)

.heap           0x00000000200029e4     0x2000
                0x00000000200029e4                __heap_start__ = .
 *(.heap .heap.*)
                0x00000000200049e4                . = ALIGN (MAX ((__heap_start__ + __HEAPSIZE__), .), 0x4)
 *fill*         0x00000000200029e4     0x2000 
                0x00000000200049e4                __heap_end__ = (__heap_start__ + SIZEOF (.heap))
                0x0000000000002000                __heap_size__ = SIZEOF (.heap)
                0x00000000200049e4                __heap_load_end__ = __heap_end__
                0x0000000000000001                . = ASSERT (((__heap_start__ == __heap_end__) || ((__heap_end__ - __RAM1_segment_start__) <= __RAM1_segment_size__)), error: .heap is too large to fit in RAM1 memory segment)
                0x000000002003e000                __stack_load_start__ = (__RAM1_segment_start__ + (__RAM1_segment_size__ - 0x2000))

.stack          0x000000002003e000     0x2000
                0x000000002003e000                __stack_start__ = .
                0x000000002003e000                __StackLimit = __stack_start__
 *(.stack .stack.*)
                0x0000000020040000                . = ALIGN (MAX ((__stack_start__ + __STACKSIZE__), .), 0x8)
 *fill*         0x000000002003e000     0x2000 
                0x0000000020040000                __stack_end__ = (__stack_start__ + SIZEOF (.stack))
                0x0000000000002000                __stack_size__ = SIZEOF (.stack)
                0x0000000020040000                __StackTop = __stack_end__
                0x0000000020040000                __stack_load_end__ = __stack_end__
                0x0000000000000001                . = ASSERT (((__stack_start__ == __stack_end__) || ((__stack_end__ - __RAM1_segment_start__) <= __RAM1_segment_size__)), error: .stack is too large to fit in RAM1 memory segment)
                0x0000000000000001                . = ASSERT ((__heap_end__ <= __stack_start__), error: section .heap overlaps absolute placed section .stack)
                0x0000000020040000                __stack_process_load_start__ = ALIGN (__stack_end__, 0x8)

.stack_process  0x0000000020040000        0x0
                0x0000000020040000                __stack_process_start__ = .
 *(.stack_process .stack_process.*)
                0x0000000020040000                . = ALIGN (MAX ((__stack_process_start__ + __STACKSIZE_PROCESS__), .), 0x8)
                0x0000000020040000                __stack_process_end__ = (__stack_process_start__ + SIZEOF (.stack_process))
                0x0000000000000000                __stack_process_size__ = SIZEOF (.stack_process)
                0x0000000020040000                __stack_process_load_end__ = __stack_process_end__
                0x0000000020040000                __RAM1_segment_used_end__ = (ALIGN (__stack_end__, 0x8) + SIZEOF (.stack_process))
                0x0000000000040000                __RAM1_segment_used_size__ = (__RAM1_segment_used_end__ - __RAM1_segment_start__)
                0x0000000000000001                . = ASSERT (((__stack_process_start__ == __stack_process_end__) || ((__stack_process_end__ - __RAM1_segment_start__) <= __RAM1_segment_size__)), error: .stack_process is too large to fit in RAM1 memory segment)
START GROUP
LOAD Output/Debug/Obj/TestTask/thumb_crt0.o
LOAD Output/Debug/Obj/TestTask/nrf_log_frontend.o
LOAD Output/Debug/Obj/TestTask/nrf_log_str_formatter.o
LOAD Output/Debug/Obj/TestTask/boards.o
LOAD Output/Debug/Obj/TestTask/app_error.o
LOAD Output/Debug/Obj/TestTask/app_error_handler_gcc.o
LOAD Output/Debug/Obj/TestTask/app_error_weak.o
LOAD Output/Debug/Obj/TestTask/app_util_platform.o
LOAD Output/Debug/Obj/TestTask/nrf_assert.o
LOAD Output/Debug/Obj/TestTask/nrf_atomic.o
LOAD Output/Debug/Obj/TestTask/nrf_balloc.o
LOAD Output/Debug/Obj/TestTask/nrf_fprintf.o
LOAD Output/Debug/Obj/TestTask/nrf_fprintf_format.o
LOAD Output/Debug/Obj/TestTask/nrf_memobj.o
LOAD Output/Debug/Obj/TestTask/nrf_ringbuf.o
LOAD Output/Debug/Obj/TestTask/nrf_strerror.o
LOAD Output/Debug/Obj/TestTask/nrf_drv_twi.o
LOAD Output/Debug/Obj/TestTask/nrf_drv_uart.o
LOAD Output/Debug/Obj/TestTask/nrfx_atomic.o
LOAD Output/Debug/Obj/TestTask/nrfx_prs.o
LOAD Output/Debug/Obj/TestTask/nrfx_gpiote.o
LOAD Output/Debug/Obj/TestTask/nrfx_i2s.o
LOAD Output/Debug/Obj/TestTask/nrfx_timer.o
LOAD Output/Debug/Obj/TestTask/nrfx_twi.o
LOAD Output/Debug/Obj/TestTask/nrfx_twim.o
LOAD Output/Debug/Obj/TestTask/nrfx_uart.o
LOAD Output/Debug/Obj/TestTask/nrfx_uarte.o
LOAD Output/Debug/Obj/TestTask/ses_startup_nrf52840.o
LOAD Output/Debug/Obj/TestTask/ses_startup_nrf_common.o
LOAD Output/Debug/Obj/TestTask/system_nrf52840.o
LOAD Output/Debug/Obj/TestTask/aht10.o
LOAD Output/Debug/Obj/TestTask/SysTick.o
LOAD Output/Debug/Obj/TestTask/SoftwareTimer.o
LOAD Output/Debug/Obj/TestTask/bma280.o
LOAD Output/Debug/Obj/TestTask/main.o
LOAD Output/Debug/Obj/TestTask/if_twi0.o
LOAD Output/Debug/Obj/TestTask/if_hwtimer0.o
LOAD Output/Debug/Obj/TestTask/if_exti.o
LOAD Output/Debug/Obj/TestTask/if_delay.o
LOAD Output/Debug/Obj/TestTask/if_i2s.o
LOAD Output/Debug/Obj/TestTask/mod_climate.o
LOAD Output/Debug/Obj/TestTask/mod_swtimer.o
LOAD Output/Debug/Obj/TestTask/mod_accelerometer.o
LOAD Output/Debug/Obj/TestTask/mod_audio_player.o
LOAD Output/Debug/Obj/TestTask/mod_audio_tracks.o
LOAD Output/Debug/Obj/TestTask/ntf52_it.o
LOAD C:/Program Files/SEGGER/SEGGER Embedded Studio for ARM 6.22a/lib/libc_v7em_fpv4_sp_d16_hard_t_le_eabi_balanced.a
LOAD C:/Program Files/SEGGER/SEGGER Embedded Studio for ARM 6.22a/lib/heapops_basic_v7em_little.a
END GROUP